Archive member included to satisfy reference by file (symbol)

/Users/grantham/packages/gcc-arm-none-eabi-7-2018-q2-update/bin/../lib/gcc/arm-none-eabi/7.3.1/../../../../arm-none-eabi/lib/thumb/v7e-m/fpv4-sp/hard/libc_nano.a(lib_a-exit.o)
                              /Users/grantham/packages/gcc-arm-none-eabi-7-2018-q2-update/bin/../lib/gcc/arm-none-eabi/7.3.1/../../../../arm-none-eabi/lib/thumb/v7e-m/fpv4-sp/hard/crt0.o (exit)
/Users/grantham/packages/gcc-arm-none-eabi-7-2018-q2-update/bin/../lib/gcc/arm-none-eabi/7.3.1/../../../../arm-none-eabi/lib/thumb/v7e-m/fpv4-sp/hard/libc_nano.a(lib_a-impure.o)
                              /Users/grantham/packages/gcc-arm-none-eabi-7-2018-q2-update/bin/../lib/gcc/arm-none-eabi/7.3.1/../../../../arm-none-eabi/lib/thumb/v7e-m/fpv4-sp/hard/libc_nano.a(lib_a-exit.o) (_global_impure_ptr)
/Users/grantham/packages/gcc-arm-none-eabi-7-2018-q2-update/bin/../lib/gcc/arm-none-eabi/7.3.1/../../../../arm-none-eabi/lib/thumb/v7e-m/fpv4-sp/hard/libc_nano.a(lib_a-init.o)
                              /Users/grantham/packages/gcc-arm-none-eabi-7-2018-q2-update/bin/../lib/gcc/arm-none-eabi/7.3.1/../../../../arm-none-eabi/lib/thumb/v7e-m/fpv4-sp/hard/crt0.o (__libc_init_array)
/Users/grantham/packages/gcc-arm-none-eabi-7-2018-q2-update/bin/../lib/gcc/arm-none-eabi/7.3.1/../../../../arm-none-eabi/lib/thumb/v7e-m/fpv4-sp/hard/libc_nano.a(lib_a-memset.o)
                              /Users/grantham/packages/gcc-arm-none-eabi-7-2018-q2-update/bin/../lib/gcc/arm-none-eabi/7.3.1/../../../../arm-none-eabi/lib/thumb/v7e-m/fpv4-sp/hard/crt0.o (memset)
/Users/grantham/packages/gcc-arm-none-eabi-7-2018-q2-update/bin/../lib/gcc/arm-none-eabi/7.3.1/../../../../arm-none-eabi/lib/thumb/v7e-m/fpv4-sp/hard/libc_nano.a(lib_a-sprintf.o)
                              build/main.o (sprintf)
/Users/grantham/packages/gcc-arm-none-eabi-7-2018-q2-update/bin/../lib/gcc/arm-none-eabi/7.3.1/../../../../arm-none-eabi/lib/thumb/v7e-m/fpv4-sp/hard/libc_nano.a(lib_a-strlen.o)
                              build/main.o (strlen)
/Users/grantham/packages/gcc-arm-none-eabi-7-2018-q2-update/bin/../lib/gcc/arm-none-eabi/7.3.1/../../../../arm-none-eabi/lib/thumb/v7e-m/fpv4-sp/hard/libc_nano.a(lib_a-nano-svfprintf.o)
                              /Users/grantham/packages/gcc-arm-none-eabi-7-2018-q2-update/bin/../lib/gcc/arm-none-eabi/7.3.1/../../../../arm-none-eabi/lib/thumb/v7e-m/fpv4-sp/hard/libc_nano.a(lib_a-sprintf.o) (_svfprintf_r)
/Users/grantham/packages/gcc-arm-none-eabi-7-2018-q2-update/bin/../lib/gcc/arm-none-eabi/7.3.1/../../../../arm-none-eabi/lib/thumb/v7e-m/fpv4-sp/hard/libc_nano.a(lib_a-nano-vfprintf_i.o)
                              /Users/grantham/packages/gcc-arm-none-eabi-7-2018-q2-update/bin/../lib/gcc/arm-none-eabi/7.3.1/../../../../arm-none-eabi/lib/thumb/v7e-m/fpv4-sp/hard/libc_nano.a(lib_a-nano-svfprintf.o) (_printf_i)
/Users/grantham/packages/gcc-arm-none-eabi-7-2018-q2-update/bin/../lib/gcc/arm-none-eabi/7.3.1/../../../../arm-none-eabi/lib/thumb/v7e-m/fpv4-sp/hard/libc_nano.a(lib_a-memchr.o)
                              /Users/grantham/packages/gcc-arm-none-eabi-7-2018-q2-update/bin/../lib/gcc/arm-none-eabi/7.3.1/../../../../arm-none-eabi/lib/thumb/v7e-m/fpv4-sp/hard/libc_nano.a(lib_a-nano-svfprintf.o) (memchr)
/Users/grantham/packages/gcc-arm-none-eabi-7-2018-q2-update/bin/../lib/gcc/arm-none-eabi/7.3.1/../../../../arm-none-eabi/lib/thumb/v7e-m/fpv4-sp/hard/libc_nano.a(lib_a-memcpy-stub.o)
                              /Users/grantham/packages/gcc-arm-none-eabi-7-2018-q2-update/bin/../lib/gcc/arm-none-eabi/7.3.1/../../../../arm-none-eabi/lib/thumb/v7e-m/fpv4-sp/hard/libc_nano.a(lib_a-nano-svfprintf.o) (memcpy)
/Users/grantham/packages/gcc-arm-none-eabi-7-2018-q2-update/bin/../lib/gcc/arm-none-eabi/7.3.1/../../../../arm-none-eabi/lib/thumb/v7e-m/fpv4-sp/hard/libc_nano.a(lib_a-memmove.o)
                              /Users/grantham/packages/gcc-arm-none-eabi-7-2018-q2-update/bin/../lib/gcc/arm-none-eabi/7.3.1/../../../../arm-none-eabi/lib/thumb/v7e-m/fpv4-sp/hard/libc_nano.a(lib_a-nano-svfprintf.o) (memmove)
/Users/grantham/packages/gcc-arm-none-eabi-7-2018-q2-update/bin/../lib/gcc/arm-none-eabi/7.3.1/../../../../arm-none-eabi/lib/thumb/v7e-m/fpv4-sp/hard/libc_nano.a(lib_a-nano-freer.o)
                              /Users/grantham/packages/gcc-arm-none-eabi-7-2018-q2-update/bin/../lib/gcc/arm-none-eabi/7.3.1/../../../../arm-none-eabi/lib/thumb/v7e-m/fpv4-sp/hard/libc_nano.a(lib_a-nano-svfprintf.o) (_free_r)
/Users/grantham/packages/gcc-arm-none-eabi-7-2018-q2-update/bin/../lib/gcc/arm-none-eabi/7.3.1/../../../../arm-none-eabi/lib/thumb/v7e-m/fpv4-sp/hard/libc_nano.a(lib_a-nano-mallocr.o)
                              /Users/grantham/packages/gcc-arm-none-eabi-7-2018-q2-update/bin/../lib/gcc/arm-none-eabi/7.3.1/../../../../arm-none-eabi/lib/thumb/v7e-m/fpv4-sp/hard/libc_nano.a(lib_a-nano-svfprintf.o) (_malloc_r)
[...]
Memory Configuration

Name             Origin             Length             Attributes
RAM              0x0000000020000000 0x0000000000008000 xrw
FLASH            0x0000000008000000 0x0000000000020000 xr
*default*        0x0000000000000000 0xffffffffffffffff

Linker script and memory map

LOAD /Users/grantham/packages/gcc-arm-none-eabi-7-2018-q2-update/bin/../lib/gcc/arm-none-eabi/7.3.1/thumb/v7e-m/fpv4-sp/hard/crti.o
LOAD /Users/grantham/packages/gcc-arm-none-eabi-7-2018-q2-update/bin/../lib/gcc/arm-none-eabi/7.3.1/thumb/v7e-m/fpv4-sp/hard/crtbegin.o
LOAD /Users/grantham/packages/gcc-arm-none-eabi-7-2018-q2-update/bin/../lib/gcc/arm-none-eabi/7.3.1/../../../../arm-none-eabi/lib/thumb/v7e-m/fpv4-sp/hard/crt0.o
LOAD build/main.o
LOAD build/stm32g4xx_it.o
LOAD build/stm32g4xx_hal_msp.o
LOAD build/stm32g4xx_hal_gpio.o
LOAD build/stm32g4xx_hal_tim.o
LOAD build/stm32g4xx_hal_tim_ex.o
LOAD build/stm32g4xx_ll_pwr.o
LOAD build/stm32g4xx_hal_uart.o
LOAD build/stm32g4xx_hal_uart_ex.o
LOAD build/stm32g4xx_hal.o
LOAD build/stm32g4xx_hal_rcc.o
LOAD build/stm32g4xx_hal_rcc_ex.o
LOAD build/stm32g4xx_hal_flash.o
LOAD build/stm32g4xx_hal_flash_ex.o
LOAD build/stm32g4xx_hal_flash_ramfunc.o
LOAD build/stm32g4xx_hal_exti.o
LOAD build/stm32g4xx_hal_dma.o
LOAD build/stm32g4xx_hal_dma_ex.o
LOAD build/stm32g4xx_hal_pwr.o
LOAD build/stm32g4xx_hal_pwr_ex.o
LOAD build/stm32g4xx_hal_cortex.o
LOAD build/system_stm32g4xx.o
LOAD build/usb_device.o
LOAD build/usbd_conf.o
LOAD build/usbd_desc.o
LOAD build/usbd_cdc_if.o
LOAD build/stm32g4xx_hal_pcd.o
LOAD build/stm32g4xx_hal_pcd_ex.o
LOAD build/stm32g4xx_ll_usb.o
LOAD build/stm32g4xx_hal_dac.o
LOAD build/stm32g4xx_hal_dac_ex.o
LOAD build/stm32g4xx_hal_spi.o
LOAD build/stm32g4xx_hal_spi_ex.o
LOAD build/usbd_core.o
LOAD build/usbd_ctlreq.o
LOAD build/usbd_ioreq.o
LOAD build/usbd_cdc.o
LOAD build/startup_stm32g431xx.o
LOAD /Users/grantham/packages/gcc-arm-none-eabi-7-2018-q2-update/bin/../lib/gcc/arm-none-eabi/7.3.1/../../../../arm-none-eabi/lib/thumb/v7e-m/fpv4-sp/hard/libc_nano.a
LOAD /Users/grantham/packages/gcc-arm-none-eabi-7-2018-q2-update/bin/../lib/gcc/arm-none-eabi/7.3.1/../../../../arm-none-eabi/lib/thumb/v7e-m/fpv4-sp/hard/libm.a
LOAD /Users/grantham/packages/gcc-arm-none-eabi-7-2018-q2-update/bin/../lib/gcc/arm-none-eabi/7.3.1/../../../../arm-none-eabi/lib/thumb/v7e-m/fpv4-sp/hard/libnosys.a
START GROUP
LOAD /Users/grantham/packages/gcc-arm-none-eabi-7-2018-q2-update/bin/../lib/gcc/arm-none-eabi/7.3.1/thumb/v7e-m/fpv4-sp/hard/libgcc.a
LOAD /Users/grantham/packages/gcc-arm-none-eabi-7-2018-q2-update/bin/../lib/gcc/arm-none-eabi/7.3.1/../../../../arm-none-eabi/lib/thumb/v7e-m/fpv4-sp/hard/libc_nano.a
END GROUP
START GROUP
LOAD /Users/grantham/packages/gcc-arm-none-eabi-7-2018-q2-update/bin/../lib/gcc/arm-none-eabi/7.3.1/thumb/v7e-m/fpv4-sp/hard/libgcc.a
LOAD /Users/grantham/packages/gcc-arm-none-eabi-7-2018-q2-update/bin/../lib/gcc/arm-none-eabi/7.3.1/../../../../arm-none-eabi/lib/thumb/v7e-m/fpv4-sp/hard/libc_nano.a
END GROUP
LOAD /Users/grantham/packages/gcc-arm-none-eabi-7-2018-q2-update/bin/../lib/gcc/arm-none-eabi/7.3.1/thumb/v7e-m/fpv4-sp/hard/crtend.o
LOAD /Users/grantham/packages/gcc-arm-none-eabi-7-2018-q2-update/bin/../lib/gcc/arm-none-eabi/7.3.1/thumb/v7e-m/fpv4-sp/hard/crtn.o
                0x0000000020008000                _estack = 0x20008000
                0x0000000000000200                _Min_Heap_Size = 0x200
                0x0000000000000400                _Min_Stack_Size = 0x400

.isr_vector     0x0000000008000000      0x1d8
                0x0000000008000000                . = ALIGN (0x4)
 *(.isr_vector)
 .isr_vector    0x0000000008000000      0x1d8 build/startup_stm32g431xx.o
                0x0000000008000000                g_pfnVectors
                0x00000000080001d8                . = ALIGN (0x4)

.text           0x00000000080001e0     0x6754
                0x00000000080001e0                . = ALIGN (0x4)
 *(.text)
 .text          0x00000000080001e0       0x40 /Users/grantham/packages/gcc-arm-none-eabi-7-2018-q2-update/bin/../lib/gcc/arm-none-eabi/7.3.1/thumb/v7e-m/fpv4-sp/hard/crtbegin.o
 .text          0x0000000008000220       0x10 /Users/grantham/packages/gcc-arm-none-eabi-7-2018-q2-update/bin/../lib/gcc/arm-none-eabi/7.3.1/../../../../arm-none-eabi/lib/thumb/v7e-m/fpv4-sp/hard/libc_nano.a(lib_a-strlen.o)
                0x0000000008000220                strlen
 .text          0x0000000008000230       0xa0 /Users/grantham/packages/gcc-arm-none-eabi-7-2018-q2-update/bin/../lib/gcc/arm-none-eabi/7.3.1/../../../../arm-none-eabi/lib/thumb/v7e-m/fpv4-sp/hard/libc_nano.a(lib_a-memchr.o)
                0x0000000008000230                memchr
 .text          0x00000000080002d0       0x30 /Users/grantham/packages/gcc-arm-none-eabi-7-2018-q2-update/bin/../lib/gcc/arm-none-eabi/7.3.1/thumb/v7e-m/fpv4-sp/hard/libgcc.a(_aeabi_uldivmod.o)
                0x00000000080002d0                __aeabi_uldivmod
 .text          0x0000000008000300      0x2cc /Users/grantham/packages/gcc-arm-none-eabi-7-2018-q2-update/bin/../lib/gcc/arm-none-eabi/7.3.1/thumb/v7e-m/fpv4-sp/hard/libgcc.a(_udivmoddi4.o)
                0x0000000008000300                __udivmoddi4
 .text          0x00000000080005cc        0x4 /Users/grantham/packages/gcc-arm-none-eabi-7-2018-q2-update/bin/../lib/gcc/arm-none-eabi/7.3.1/thumb/v7e-m/fpv4-sp/hard/libgcc.a(_dvmd_tls.o)
                0x00000000080005cc                __aeabi_ldiv0
                0x00000000080005cc                __aeabi_idiv0
 *(.text*)
 .text.MX_GPIO_Init
                0x00000000080005d0       0x94 build/main.o
 .text.MX_USART2_UART_Init
                0x0000000008000664       0x4c build/main.o
 .text.MX_DMA_Init
                0x00000000080006b0       0x44 build/main.o
 .text.MX_NVIC_Init
                0x00000000080006f4       0x24 build/main.o
 .text.MX_DAC1_Init
                0x0000000008000718       0x4c build/main.o
 .text.MX_SPI1_Init
                0x0000000008000764       0x44 build/main.o
 .text.MX_TIM1_Init
                0x00000000080007a8       0xc0 build/main.o
 .text.BUTTON1_IRQ_Callback
                0x0000000008000868       0x50 build/main.o
                0x0000000008000868                BUTTON1_IRQ_Callback
 .text.BUTTON2_IRQ_Callback
                0x00000000080008b8       0x50 build/main.o
                0x00000000080008b8                BUTTON2_IRQ_Callback
 .text.blargle  0x0000000008000908       0x6c build/main.o
                0x0000000008000908                blargle
 .text.SystemClock_Config
                0x0000000008000974       0x82 build/main.o
                0x0000000008000974                SystemClock_Config
 *fill*         0x00000000080009f6        0x2 
 .text.main     0x00000000080009f8      0x174 build/main.o
                0x00000000080009f8                main
 .text.Error_Handler
                0x0000000008000b6c        0x2 build/main.o
                0x0000000008000b6c                Error_Handler
 .text.NMI_Handler
                0x0000000008000b6e        0x2 build/stm32g4xx_it.o
                0x0000000008000b6e                NMI_Handler
 .text.HardFault_Handler
                0x0000000008000b70       0x40 build/stm32g4xx_it.o
                0x0000000008000b70                HardFault_Handler
 .text.MemManage_Handler
                0x0000000008000bb0        0x2 build/stm32g4xx_it.o
                0x0000000008000bb0                MemManage_Handler
 .text.BusFault_Handler
                0x0000000008000bb2        0x2 build/stm32g4xx_it.o
                0x0000000008000bb2                BusFault_Handler
 .text.UsageFault_Handler
                0x0000000008000bb4        0x2 build/stm32g4xx_it.o
                0x0000000008000bb4                UsageFault_Handler
 .text.SVC_Handler
                0x0000000008000bb6        0x2 build/stm32g4xx_it.o
                0x0000000008000bb6                SVC_Handler
 .text.DebugMon_Handler
                0x0000000008000bb8        0x2 build/stm32g4xx_it.o
                0x0000000008000bb8                DebugMon_Handler
 .text.PendSV_Handler
                0x0000000008000bba        0x2 build/stm32g4xx_it.o
                0x0000000008000bba                PendSV_Handler
 .text.SysTick_Handler
                0x0000000008000bbc        0x8 build/stm32g4xx_it.o
                0x0000000008000bbc                SysTick_Handler
 .text.EXTI0_IRQHandler
                0x0000000008000bc4        0x8 build/stm32g4xx_it.o
                0x0000000008000bc4                EXTI0_IRQHandler
 .text.EXTI1_IRQHandler
                0x0000000008000bcc        0x8 build/stm32g4xx_it.o
                0x0000000008000bcc                EXTI1_IRQHandler
 .text.DMA1_Channel1_IRQHandler
                0x0000000008000bd4       0x10 build/stm32g4xx_it.o
                0x0000000008000bd4                DMA1_Channel1_IRQHandler
 .text.USB_LP_IRQHandler
                0x0000000008000be4       0x10 build/stm32g4xx_it.o
                0x0000000008000be4                USB_LP_IRQHandler
 .text.HAL_MspInit
                0x0000000008000bf4       0x40 build/stm32g4xx_hal_msp.o
                0x0000000008000bf4                HAL_MspInit
 .text.HAL_DAC_MspInit
                0x0000000008000c34       0x98 build/stm32g4xx_hal_msp.o
                0x0000000008000c34                HAL_DAC_MspInit
 .text.HAL_SPI_MspInit
                0x0000000008000ccc       0x64 build/stm32g4xx_hal_msp.o
                0x0000000008000ccc                HAL_SPI_MspInit
 .text.HAL_TIM_Base_MspInit
                0x0000000008000d30       0x2c build/stm32g4xx_hal_msp.o
                0x0000000008000d30                HAL_TIM_Base_MspInit
 .text.HAL_TIM_MspPostInit
                0x0000000008000d5c       0x54 build/stm32g4xx_hal_msp.o
                0x0000000008000d5c                HAL_TIM_MspPostInit
 .text.HAL_UART_MspInit
                0x0000000008000db0       0x64 build/stm32g4xx_hal_msp.o
                0x0000000008000db0                HAL_UART_MspInit
 .text.HAL_GPIO_Init
                0x0000000008000e14      0x1a0 build/stm32g4xx_hal_gpio.o
                0x0000000008000e14                HAL_GPIO_Init
 .text.HAL_GPIO_ReadPin
                0x0000000008000fb4        0xe build/stm32g4xx_hal_gpio.o
                0x0000000008000fb4                HAL_GPIO_ReadPin
 .text.HAL_GPIO_WritePin
                0x0000000008000fc2        0xa build/stm32g4xx_hal_gpio.o
                0x0000000008000fc2                HAL_GPIO_WritePin
 .text.TIM_OC1_SetConfig
                0x0000000008000fcc       0xa4 build/stm32g4xx_hal_tim.o
 .text.TIM_OC3_SetConfig
                0x0000000008001070       0x94 build/stm32g4xx_hal_tim.o
 .text.TIM_OC4_SetConfig
                0x0000000008001104       0x94 build/stm32g4xx_hal_tim.o
 .text.TIM_OC5_SetConfig
                0x0000000008001198       0x74 build/stm32g4xx_hal_tim.o
 .text.TIM_OC6_SetConfig
                0x000000000800120c       0x74 build/stm32g4xx_hal_tim.o
 .text.TIM_TI1_ConfigInputStage
                0x0000000008001280       0x26 build/stm32g4xx_hal_tim.o
 .text.TIM_TI2_ConfigInputStage
                0x00000000080012a6       0x28 build/stm32g4xx_hal_tim.o
 *fill*         0x00000000080012ce        0x2 
 .text.TIM_ITRx_SetConfig
                0x00000000080012d0       0x14 build/stm32g4xx_hal_tim.o
 .text.HAL_TIM_PWM_MspInit
                0x00000000080012e4        0x2 build/stm32g4xx_hal_tim.o
                0x00000000080012e4                HAL_TIM_PWM_MspInit
 *fill*         0x00000000080012e6        0x2 
 .text.TIM_Base_SetConfig
                0x00000000080012e8       0xdc build/stm32g4xx_hal_tim.o
                0x00000000080012e8                TIM_Base_SetConfig
 .text.HAL_TIM_Base_Init
                0x00000000080013c4       0x5e build/stm32g4xx_hal_tim.o
                0x00000000080013c4                HAL_TIM_Base_Init
 .text.HAL_TIM_PWM_Init
                0x0000000008001422       0x5e build/stm32g4xx_hal_tim.o
                0x0000000008001422                HAL_TIM_PWM_Init
 .text.TIM_OC2_SetConfig
                0x0000000008001480       0x94 build/stm32g4xx_hal_tim.o
                0x0000000008001480                TIM_OC2_SetConfig
 .text.HAL_TIM_PWM_ConfigChannel
                0x0000000008001514      0x128 build/stm32g4xx_hal_tim.o
                0x0000000008001514                HAL_TIM_PWM_ConfigChannel
 .text.TIM_ETR_SetConfig
                0x000000000800163c       0x18 build/stm32g4xx_hal_tim.o
                0x000000000800163c                TIM_ETR_SetConfig
 .text.HAL_TIM_ConfigClockSource
                0x0000000008001654      0x108 build/stm32g4xx_hal_tim.o
                0x0000000008001654                HAL_TIM_ConfigClockSource
 .text.HAL_TIMEx_MasterConfigSynchronization
                0x000000000800175c       0x94 build/stm32g4xx_hal_tim_ex.o
                0x000000000800175c                HAL_TIMEx_MasterConfigSynchronization
 .text.HAL_TIMEx_ConfigBreakDeadTime
                0x00000000080017f0       0xa8 build/stm32g4xx_hal_tim_ex.o
                0x00000000080017f0                HAL_TIMEx_ConfigBreakDeadTime
 .text.UART_SetConfig
                0x0000000008001898      0xd10 build/stm32g4xx_hal_uart.o
                0x0000000008001898                UART_SetConfig
 .text.UART_AdvFeatureConfig
                0x00000000080025a8       0xca build/stm32g4xx_hal_uart.o
                0x00000000080025a8                UART_AdvFeatureConfig
 .text.UART_WaitOnFlagUntilTimeout
                0x0000000008002672       0x64 build/stm32g4xx_hal_uart.o
                0x0000000008002672                UART_WaitOnFlagUntilTimeout
 .text.HAL_UART_Transmit
                0x00000000080026d6       0xe4 build/stm32g4xx_hal_uart.o
                0x00000000080026d6                HAL_UART_Transmit
 .text.UART_CheckIdleState
                0x00000000080027ba       0x72 build/stm32g4xx_hal_uart.o
                0x00000000080027ba                UART_CheckIdleState
 .text.HAL_UART_Init
                0x000000000800282c       0x66 build/stm32g4xx_hal_uart.o
                0x000000000800282c                HAL_UART_Init
 *fill*         0x0000000008002892        0x2 
 .text.UARTEx_SetNbDataToProcess
                0x0000000008002894       0x74 build/stm32g4xx_hal_uart_ex.o
 .text.HAL_UARTEx_DisableFifoMode
                0x0000000008002908       0x3e build/stm32g4xx_hal_uart_ex.o
                0x0000000008002908                HAL_UARTEx_DisableFifoMode
 .text.HAL_UARTEx_SetTxFifoThreshold
                0x0000000008002946       0x4a build/stm32g4xx_hal_uart_ex.o
                0x0000000008002946                HAL_UARTEx_SetTxFifoThreshold
 .text.HAL_UARTEx_SetRxFifoThreshold
                0x0000000008002990       0x4a build/stm32g4xx_hal_uart_ex.o
                0x0000000008002990                HAL_UARTEx_SetRxFifoThreshold
 *fill*         0x00000000080029da        0x2 
 .text.HAL_InitTick
                0x00000000080029dc       0x50 build/stm32g4xx_hal.o
                0x00000000080029dc                HAL_InitTick
 .text.HAL_Init
                0x0000000008002a2c       0x1e build/stm32g4xx_hal.o
                0x0000000008002a2c                HAL_Init
 *fill*         0x0000000008002a4a        0x2 
 .text.HAL_IncTick
                0x0000000008002a4c       0x18 build/stm32g4xx_hal.o
                0x0000000008002a4c                HAL_IncTick
 .text.HAL_GetTick
                0x0000000008002a64        0xc build/stm32g4xx_hal.o
                0x0000000008002a64                HAL_GetTick
 .text.HAL_Delay
                0x0000000008002a70       0x28 build/stm32g4xx_hal.o
                0x0000000008002a70                HAL_Delay
 .text.RCC_GetSysClockFreqFromPLLSource
                0x0000000008002a98       0x58 build/stm32g4xx_hal_rcc.o
 .text.HAL_RCC_OscConfig
                0x0000000008002af0      0x4e8 build/stm32g4xx_hal_rcc.o
                0x0000000008002af0                HAL_RCC_OscConfig
 .text.HAL_RCC_GetSysClockFreq
                0x0000000008002fd8       0x88 build/stm32g4xx_hal_rcc.o
                0x0000000008002fd8                HAL_RCC_GetSysClockFreq
 .text.HAL_RCC_ClockConfig
                0x0000000008003060      0x1fc build/stm32g4xx_hal_rcc.o
                0x0000000008003060                HAL_RCC_ClockConfig
 .text.HAL_RCC_GetHCLKFreq
                0x000000000800325c        0xc build/stm32g4xx_hal_rcc.o
                0x000000000800325c                HAL_RCC_GetHCLKFreq
 .text.HAL_RCC_GetPCLK1Freq
                0x0000000008003268       0x24 build/stm32g4xx_hal_rcc.o
                0x0000000008003268                HAL_RCC_GetPCLK1Freq
 .text.HAL_RCC_GetPCLK2Freq
                0x000000000800328c       0x24 build/stm32g4xx_hal_rcc.o
                0x000000000800328c                HAL_RCC_GetPCLK2Freq
 .text.HAL_RCCEx_PeriphCLKConfig
                0x00000000080032b0      0x2e4 build/stm32g4xx_hal_rcc_ex.o
                0x00000000080032b0                HAL_RCCEx_PeriphCLKConfig
 .text.DMA_CalcDMAMUXChannelBaseAndMask
                0x0000000008003594       0x48 build/stm32g4xx_hal_dma.o
 .text.DMA_CalcDMAMUXRequestGenBaseAndMask
                0x00000000080035dc       0x28 build/stm32g4xx_hal_dma.o
 .text.HAL_DMA_Init
                0x0000000008003604       0xdc build/stm32g4xx_hal_dma.o
                0x0000000008003604                HAL_DMA_Init
 .text.HAL_DMA_IRQHandler
                0x00000000080036e0       0xc4 build/stm32g4xx_hal_dma.o
                0x00000000080036e0                HAL_DMA_IRQHandler
 .text.HAL_PWREx_ControlVoltageScaling
                0x00000000080037a4      0x10c build/stm32g4xx_hal_pwr_ex.o
                0x00000000080037a4                HAL_PWREx_ControlVoltageScaling
 .text.HAL_NVIC_SetPriorityGrouping
                0x00000000080038b0       0x24 build/stm32g4xx_hal_cortex.o
                0x00000000080038b0                HAL_NVIC_SetPriorityGrouping
 .text.HAL_NVIC_SetPriority
                0x00000000080038d4       0x64 build/stm32g4xx_hal_cortex.o
                0x00000000080038d4                HAL_NVIC_SetPriority
 .text.HAL_NVIC_EnableIRQ
                0x0000000008003938       0x1c build/stm32g4xx_hal_cortex.o
                0x0000000008003938                HAL_NVIC_EnableIRQ
 .text.HAL_SYSTICK_Config
                0x0000000008003954       0x2c build/stm32g4xx_hal_cortex.o
                0x0000000008003954                HAL_SYSTICK_Config
 .text.SystemInit
                0x0000000008003980       0x1c build/system_stm32g4xx.o
                0x0000000008003980                SystemInit
 .text.MX_USB_Device_Init
                0x000000000800399c       0x54 build/usb_device.o
                0x000000000800399c                MX_USB_Device_Init
 .text.USBD_Get_USB_Status
                0x00000000080039f0       0x12 build/usbd_conf.o
 .text.SystemClockConfig_Resume
                0x0000000008003a02        0x8 build/usbd_conf.o
 *fill*         0x0000000008003a0a        0x2 
 .text.HAL_PCD_MspInit
                0x0000000008003a0c       0x70 build/usbd_conf.o
                0x0000000008003a0c                HAL_PCD_MspInit
 .text.HAL_PCD_SetupStageCallback
                0x0000000008003a7c       0x10 build/usbd_conf.o
                0x0000000008003a7c                HAL_PCD_SetupStageCallback
 .text.HAL_PCD_DataOutStageCallback
                0x0000000008003a8c       0x14 build/usbd_conf.o
                0x0000000008003a8c                HAL_PCD_DataOutStageCallback
 .text.HAL_PCD_DataInStageCallback
                0x0000000008003aa0       0x12 build/usbd_conf.o
                0x0000000008003aa0                HAL_PCD_DataInStageCallback
 .text.HAL_PCD_SOFCallback
                0x0000000008003ab2        0xc build/usbd_conf.o
                0x0000000008003ab2                HAL_PCD_SOFCallback
 .text.HAL_PCD_ResetCallback
                0x0000000008003abe       0x22 build/usbd_conf.o
                0x0000000008003abe                HAL_PCD_ResetCallback
 .text.HAL_PCD_SuspendCallback
                0x0000000008003ae0       0x20 build/usbd_conf.o
                0x0000000008003ae0                HAL_PCD_SuspendCallback
 .text.HAL_PCD_ResumeCallback
                0x0000000008003b00       0x28 build/usbd_conf.o
                0x0000000008003b00                HAL_PCD_ResumeCallback
 .text.USBD_LL_Init
                0x0000000008003b28       0x88 build/usbd_conf.o
                0x0000000008003b28                USBD_LL_Init
 .text.USBD_LL_Start
                0x0000000008003bb0       0x10 build/usbd_conf.o
                0x0000000008003bb0                USBD_LL_Start
 .text.USBD_LL_OpenEP
                0x0000000008003bc0       0x16 build/usbd_conf.o
                0x0000000008003bc0                USBD_LL_OpenEP
 .text.USBD_LL_CloseEP
                0x0000000008003bd6       0x10 build/usbd_conf.o
                0x0000000008003bd6                USBD_LL_CloseEP
 .text.USBD_LL_StallEP
                0x0000000008003be6       0x10 build/usbd_conf.o
                0x0000000008003be6                USBD_LL_StallEP
 .text.USBD_LL_ClearStallEP
                0x0000000008003bf6       0x10 build/usbd_conf.o
                0x0000000008003bf6                USBD_LL_ClearStallEP
 .text.USBD_LL_IsStallEP
                0x0000000008003c06       0x26 build/usbd_conf.o
                0x0000000008003c06                USBD_LL_IsStallEP
 .text.USBD_LL_SetUSBAddress
                0x0000000008003c2c       0x10 build/usbd_conf.o
                0x0000000008003c2c                USBD_LL_SetUSBAddress
 .text.USBD_LL_Transmit
                0x0000000008003c3c       0x10 build/usbd_conf.o
                0x0000000008003c3c                USBD_LL_Transmit
 .text.USBD_LL_PrepareReceive
                0x0000000008003c4c       0x10 build/usbd_conf.o
                0x0000000008003c4c                USBD_LL_PrepareReceive
 .text.USBD_LL_GetRxDataSize
                0x0000000008003c5c        0xc build/usbd_conf.o
                0x0000000008003c5c                USBD_LL_GetRxDataSize
 .text.HAL_PCDEx_LPM_Callback
                0x0000000008003c68       0x48 build/usbd_conf.o
                0x0000000008003c68                HAL_PCDEx_LPM_Callback
 .text.USBD_static_malloc
                0x0000000008003cb0        0x8 build/usbd_conf.o
                0x0000000008003cb0                USBD_static_malloc
 .text.USBD_static_free
                0x0000000008003cb8        0x2 build/usbd_conf.o
                0x0000000008003cb8                USBD_static_free
 *fill*         0x0000000008003cba        0x2 
 .text.USBD_CDC_DeviceDescriptor
                0x0000000008003cbc        0xc build/usbd_desc.o
                0x0000000008003cbc                USBD_CDC_DeviceDescriptor
 .text.USBD_CDC_LangIDStrDescriptor
                0x0000000008003cc8        0xc build/usbd_desc.o
                0x0000000008003cc8                USBD_CDC_LangIDStrDescriptor
 .text.IntToUnicode
                0x0000000008003cd4       0x36 build/usbd_desc.o
 *fill*         0x0000000008003d0a        0x2 
 .text.Get_SerialNum
                0x0000000008003d0c       0x34 build/usbd_desc.o
 .text.USBD_CDC_SerialStrDescriptor
                0x0000000008003d40       0x14 build/usbd_desc.o
                0x0000000008003d40                USBD_CDC_SerialStrDescriptor
 .text.USBD_CDC_ProductStrDescriptor
                0x0000000008003d54       0x24 build/usbd_desc.o
                0x0000000008003d54                USBD_CDC_ProductStrDescriptor
 .text.USBD_CDC_ManufacturerStrDescriptor
                0x0000000008003d78       0x1c build/usbd_desc.o
                0x0000000008003d78                USBD_CDC_ManufacturerStrDescriptor
 .text.USBD_CDC_ConfigStrDescriptor
                0x0000000008003d94       0x24 build/usbd_desc.o
                0x0000000008003d94                USBD_CDC_ConfigStrDescriptor
 .text.USBD_CDC_InterfaceStrDescriptor
                0x0000000008003db8       0x24 build/usbd_desc.o
                0x0000000008003db8                USBD_CDC_InterfaceStrDescriptor
 .text.CDC_DeInit_FS
                0x0000000008003ddc        0x4 build/usbd_cdc_if.o
 .text.CDC_Control_FS
                0x0000000008003de0        0x4 build/usbd_cdc_if.o
 .text.CDC_Receive_FS
                0x0000000008003de4       0x1c build/usbd_cdc_if.o
 .text.CDC_Init_FS
                0x0000000008003e00       0x28 build/usbd_cdc_if.o
 .text.HAL_PCD_Init
                0x0000000008003e28       0xc2 build/stm32g4xx_hal_pcd.o
                0x0000000008003e28                HAL_PCD_Init
 .text.HAL_PCD_Start
                0x0000000008003eea       0x2a build/stm32g4xx_hal_pcd.o
                0x0000000008003eea                HAL_PCD_Start
 .text.HAL_PCD_SetAddress
                0x0000000008003f14       0x28 build/stm32g4xx_hal_pcd.o
                0x0000000008003f14                HAL_PCD_SetAddress
 .text.HAL_PCD_EP_Open
                0x0000000008003f3c       0x70 build/stm32g4xx_hal_pcd.o
                0x0000000008003f3c                HAL_PCD_EP_Open
 .text.HAL_PCD_EP_Close
                0x0000000008003fac       0x5c build/stm32g4xx_hal_pcd.o
                0x0000000008003fac                HAL_PCD_EP_Close
 .text.HAL_PCD_EP_Receive
                0x0000000008004008       0x3e build/stm32g4xx_hal_pcd.o
                0x0000000008004008                HAL_PCD_EP_Receive
 .text.HAL_PCD_EP_GetRxCount
                0x0000000008004046        0xe build/stm32g4xx_hal_pcd.o
                0x0000000008004046                HAL_PCD_EP_GetRxCount
 .text.HAL_PCD_EP_Transmit
                0x0000000008004054       0x3c build/stm32g4xx_hal_pcd.o
                0x0000000008004054                HAL_PCD_EP_Transmit
 .text.PCD_EP_ISR_Handler
                0x0000000008004090      0x332 build/stm32g4xx_hal_pcd.o
 .text.HAL_PCD_IRQHandler
                0x00000000080043c2      0x1d2 build/stm32g4xx_hal_pcd.o
                0x00000000080043c2                HAL_PCD_IRQHandler
 .text.HAL_PCD_EP_SetStall
                0x0000000008004594       0x6e build/stm32g4xx_hal_pcd.o
                0x0000000008004594                HAL_PCD_EP_SetStall
 .text.HAL_PCD_EP_ClrStall
                0x0000000008004602       0x6e build/stm32g4xx_hal_pcd.o
                0x0000000008004602                HAL_PCD_EP_ClrStall
 .text.HAL_PCDEx_PMAConfig
                0x0000000008004670       0x30 build/stm32g4xx_hal_pcd_ex.o
                0x0000000008004670                HAL_PCDEx_PMAConfig
 .text.HAL_PCDEx_ActivateLPM
                0x00000000080046a0       0x28 build/stm32g4xx_hal_pcd_ex.o
                0x00000000080046a0                HAL_PCDEx_ActivateLPM
 .text.USB_EnableGlobalInt
                0x00000000080046c8       0x14 build/stm32g4xx_ll_usb.o
                0x00000000080046c8                USB_EnableGlobalInt
 .text.USB_DisableGlobalInt
                0x00000000080046dc       0x14 build/stm32g4xx_ll_usb.o
                0x00000000080046dc                USB_DisableGlobalInt
 .text.USB_DevInit
                0x00000000080046f0       0x2c build/stm32g4xx_ll_usb.o
                0x00000000080046f0                USB_DevInit
 .text.USB_ActivateEndpoint
                0x000000000800471c      0x324 build/stm32g4xx_ll_usb.o
                0x000000000800471c                USB_ActivateEndpoint
 .text.USB_DeactivateEndpoint
                0x0000000008004a40      0x1a4 build/stm32g4xx_ll_usb.o
                0x0000000008004a40                USB_DeactivateEndpoint
 .text.USB_EPSetStall
                0x0000000008004be4       0x42 build/stm32g4xx_ll_usb.o
                0x0000000008004be4                USB_EPSetStall
 .text.USB_EPClearStall
                0x0000000008004c26       0x9c build/stm32g4xx_ll_usb.o
                0x0000000008004c26                USB_EPClearStall
 .text.USB_SetDevAddress
                0x0000000008004cc2        0xc build/stm32g4xx_ll_usb.o
                0x0000000008004cc2                USB_SetDevAddress
 .text.USB_DevConnect
                0x0000000008004cce       0x10 build/stm32g4xx_ll_usb.o
                0x0000000008004cce                USB_DevConnect
 .text.USB_ReadInterrupts
                0x0000000008004cde        0x6 build/stm32g4xx_ll_usb.o
                0x0000000008004cde                USB_ReadInterrupts
 .text.USB_EP0_OutStart
                0x0000000008004ce4        0x4 build/stm32g4xx_ll_usb.o
                0x0000000008004ce4                USB_EP0_OutStart
 .text.USB_WritePMA
                0x0000000008004ce8       0x2a build/stm32g4xx_ll_usb.o
                0x0000000008004ce8                USB_WritePMA
 .text.USB_EPStartXfer
                0x0000000008004d12      0x306 build/stm32g4xx_ll_usb.o
                0x0000000008004d12                USB_EPStartXfer
 .text.USB_ReadPMA
                0x0000000008005018       0x2e build/stm32g4xx_ll_usb.o
                0x0000000008005018                USB_ReadPMA
 .text.HAL_DAC_Init
                0x0000000008005046       0x24 build/stm32g4xx_hal_dac.o
                0x0000000008005046                HAL_DAC_Init
 *fill*         0x000000000800506a        0x2 
 .text.HAL_DAC_ConfigChannel
                0x000000000800506c      0x1f8 build/stm32g4xx_hal_dac.o
                0x000000000800506c                HAL_DAC_ConfigChannel
 .text.HAL_SPI_Init
                0x0000000008005264       0xba build/stm32g4xx_hal_spi.o
                0x0000000008005264                HAL_SPI_Init
 .text.USBD_Init
                0x000000000800531e       0x2e build/usbd_core.o
                0x000000000800531e                USBD_Init
 .text.USBD_RegisterClass
                0x000000000800534c        0xe build/usbd_core.o
                0x000000000800534c                USBD_RegisterClass
 .text.USBD_Start
                0x000000000800535a        0xa build/usbd_core.o
                0x000000000800535a                USBD_Start
 .text.USBD_SetClassConfig
                0x0000000008005364       0x1a build/usbd_core.o
                0x0000000008005364                USBD_SetClassConfig
 .text.USBD_ClrClassConfig
                0x000000000800537e        0xe build/usbd_core.o
                0x000000000800537e                USBD_ClrClassConfig
 .text.USBD_LL_SetupStage
                0x000000000800538c       0x5a build/usbd_core.o
                0x000000000800538c                USBD_LL_SetupStage
 .text.USBD_LL_DataOutStage
                0x00000000080053e6       0x92 build/usbd_core.o
                0x00000000080053e6                USBD_LL_DataOutStage
 .text.USBD_LL_DataInStage
                0x0000000008005478       0xd6 build/usbd_core.o
                0x0000000008005478                USBD_LL_DataInStage
 .text.USBD_LL_Reset
                0x000000000800554e       0x50 build/usbd_core.o
                0x000000000800554e                USBD_LL_Reset
 .text.USBD_LL_SetSpeed
                0x000000000800559e        0x6 build/usbd_core.o
                0x000000000800559e                USBD_LL_SetSpeed
 .text.USBD_LL_Suspend
                0x00000000080055a4       0x12 build/usbd_core.o
                0x00000000080055a4                USBD_LL_Suspend
 .text.USBD_LL_Resume
                0x00000000080055b6       0x16 build/usbd_core.o
                0x00000000080055b6                USBD_LL_Resume
 .text.USBD_LL_SOF
                0x00000000080055cc       0x1c build/usbd_core.o
                0x00000000080055cc                USBD_LL_SOF
 .text.USBD_GetLen
                0x00000000080055e8       0x14 build/usbd_ctlreq.o
 .text.USBD_SetFeature
                0x00000000080055fc       0x14 build/usbd_ctlreq.o
 .text.USBD_ParseSetupRequest
                0x0000000008005610       0x28 build/usbd_ctlreq.o
                0x0000000008005610                USBD_ParseSetupRequest
 .text.USBD_CtlError
                0x0000000008005638       0x14 build/usbd_ctlreq.o
                0x0000000008005638                USBD_CtlError
 .text.USBD_GetDescriptor
                0x000000000800564c      0x1a8 build/usbd_ctlreq.o
 .text.USBD_SetAddress
                0x00000000080057f4       0x4e build/usbd_ctlreq.o
 *fill*         0x0000000008005842        0x2 
 .text.USBD_SetConfig
                0x0000000008005844       0xb0 build/usbd_ctlreq.o
 .text.USBD_GetConfig
                0x00000000080058f4       0x3c build/usbd_ctlreq.o
 .text.USBD_GetStatus
                0x0000000008005930       0x38 build/usbd_ctlreq.o
 .text.USBD_ClrFeature
                0x0000000008005968       0x26 build/usbd_ctlreq.o
 .text.USBD_StdDevReq
                0x000000000800598e       0x68 build/usbd_ctlreq.o
                0x000000000800598e                USBD_StdDevReq
 .text.USBD_StdItfReq
                0x00000000080059f6       0x60 build/usbd_ctlreq.o
                0x00000000080059f6                USBD_StdItfReq
 .text.USBD_StdEPReq
                0x0000000008005a56      0x240 build/usbd_ctlreq.o
                0x0000000008005a56                USBD_StdEPReq
 .text.USBD_GetString
                0x0000000008005c96       0x38 build/usbd_ctlreq.o
                0x0000000008005c96                USBD_GetString
 .text.USBD_CtlSendData
                0x0000000008005cce       0x1a build/usbd_ioreq.o
                0x0000000008005cce                USBD_CtlSendData
 .text.USBD_CtlContinueSendData
                0x0000000008005ce8       0x10 build/usbd_ioreq.o
                0x0000000008005ce8                USBD_CtlContinueSendData
 .text.USBD_CtlPrepareRx
                0x0000000008005cf8       0x1e build/usbd_ioreq.o
                0x0000000008005cf8                USBD_CtlPrepareRx
 .text.USBD_CtlContinueRx
                0x0000000008005d16       0x10 build/usbd_ioreq.o
                0x0000000008005d16                USBD_CtlContinueRx
 .text.USBD_CtlSendStatus
                0x0000000008005d26       0x16 build/usbd_ioreq.o
                0x0000000008005d26                USBD_CtlSendStatus
 .text.USBD_CtlReceiveStatus
                0x0000000008005d3c       0x16 build/usbd_ioreq.o
                0x0000000008005d3c                USBD_CtlReceiveStatus
 .text.USBD_CDC_EP0_RxReady
                0x0000000008005d52       0x28 build/usbd_cdc.o
 *fill*         0x0000000008005d7a        0x2 
 .text.USBD_CDC_GetFSCfgDesc
                0x0000000008005d7c        0xc build/usbd_cdc.o
 .text.USBD_CDC_GetHSCfgDesc
                0x0000000008005d88        0xc build/usbd_cdc.o
 .text.USBD_CDC_GetOtherSpeedCfgDesc
                0x0000000008005d94        0xc build/usbd_cdc.o
 .text.USBD_CDC_GetDeviceQualifierDescriptor
                0x0000000008005da0        0xc build/usbd_cdc.o
                0x0000000008005da0                USBD_CDC_GetDeviceQualifierDescriptor
 .text.USBD_CDC_DataOut
                0x0000000008005dac       0x2e build/usbd_cdc.o
 .text.USBD_CDC_DataIn
                0x0000000008005dda       0x4c build/usbd_cdc.o
 .text.USBD_CDC_Setup
                0x0000000008005e26       0xda build/usbd_cdc.o
 .text.USBD_CDC_DeInit
                0x0000000008005f00       0x42 build/usbd_cdc.o
 .text.USBD_CDC_Init
                0x0000000008005f42       0xaa build/usbd_cdc.o
 .text.USBD_CDC_RegisterInterface
                0x0000000008005fec        0xe build/usbd_cdc.o
                0x0000000008005fec                USBD_CDC_RegisterInterface
 .text.USBD_CDC_SetTxBuffer
                0x0000000008005ffa       0x10 build/usbd_cdc.o
                0x0000000008005ffa                USBD_CDC_SetTxBuffer
 .text.USBD_CDC_SetRxBuffer
                0x000000000800600a        0xc build/usbd_cdc.o
                0x000000000800600a                USBD_CDC_SetRxBuffer
 .text.USBD_CDC_ReceivePacket
                0x0000000008006016       0x32 build/usbd_cdc.o
                0x0000000008006016                USBD_CDC_ReceivePacket
 .text.Reset_Handler
                0x0000000008006048       0x50 build/startup_stm32g431xx.o
                0x0000000008006048                Reset_Handler
 .text.Default_Handler
                0x0000000008006098        0x2 build/startup_stm32g431xx.o
                0x0000000008006098                TIM1_BRK_TIM15_IRQHandler
                0x0000000008006098                EXTI2_IRQHandler
                0x0000000008006098                TIM8_TRG_COM_IRQHandler
                0x0000000008006098                TIM8_CC_IRQHandler
                0x0000000008006098                TIM1_CC_IRQHandler
                0x0000000008006098                USB_HP_IRQHandler
                0x0000000008006098                CORDIC_IRQHandler
                0x0000000008006098                EXTI3_IRQHandler
                0x0000000008006098                I2C3_ER_IRQHandler
                0x0000000008006098                I2C2_EV_IRQHandler
                0x0000000008006098                FPU_IRQHandler
                0x0000000008006098                FDCAN1_IT1_IRQHandler
                0x0000000008006098                TIM1_UP_TIM16_IRQHandler
                0x0000000008006098                ADC1_2_IRQHandler
                0x0000000008006098                SPI1_IRQHandler
                0x0000000008006098                TIM6_DAC_IRQHandler
                0x0000000008006098                TIM8_UP_IRQHandler
                0x0000000008006098                DMA2_Channel2_IRQHandler
                0x0000000008006098                DMA1_Channel4_IRQHandler
                0x0000000008006098                USART3_IRQHandler
                0x0000000008006098                TIM4_IRQHandler
                0x0000000008006098                DMA2_Channel1_IRQHandler
                0x0000000008006098                I2C1_EV_IRQHandler
                0x0000000008006098                DMA1_Channel6_IRQHandler
                0x0000000008006098                UART4_IRQHandler
                0x0000000008006098                DMA2_Channel4_IRQHandler
                0x0000000008006098                TIM3_IRQHandler
                0x0000000008006098                RCC_IRQHandler
                0x0000000008006098                Default_Handler
                0x0000000008006098                RTC_TAMP_LSECSS_IRQHandler
                0x0000000008006098                FMAC_IRQHandler
                0x0000000008006098                EXTI15_10_IRQHandler
                0x0000000008006098                TIM7_IRQHandler
                0x0000000008006098                UCPD1_IRQHandler
                0x0000000008006098                I2C3_EV_IRQHandler
                0x0000000008006098                EXTI9_5_IRQHandler
                0x0000000008006098                RTC_WKUP_IRQHandler
                0x0000000008006098                PVD_PVM_IRQHandler
                0x0000000008006098                SPI2_IRQHandler
                0x0000000008006098                DMA2_Channel5_IRQHandler
                0x0000000008006098                CRS_IRQHandler
                0x0000000008006098                DMA1_Channel5_IRQHandler
                0x0000000008006098                EXTI4_IRQHandler
                0x0000000008006098                RNG_IRQHandler
                0x0000000008006098                TIM1_TRG_COM_TIM17_IRQHandler
                0x0000000008006098                DMA1_Channel3_IRQHandler
                0x0000000008006098                WWDG_IRQHandler
                0x0000000008006098                LPUART1_IRQHandler
                0x0000000008006098                DMA2_Channel6_IRQHandler
                0x0000000008006098                FDCAN1_IT0_IRQHandler
                0x0000000008006098                TIM2_IRQHandler
                0x0000000008006098                COMP1_2_3_IRQHandler
                0x0000000008006098                USART2_IRQHandler
                0x0000000008006098                I2C2_ER_IRQHandler
                0x0000000008006098                DMA1_Channel2_IRQHandler
                0x0000000008006098                TIM8_BRK_IRQHandler
                0x0000000008006098                FLASH_IRQHandler
                0x0000000008006098                USART1_IRQHandler
                0x0000000008006098                SPI3_IRQHandler
                0x0000000008006098                I2C1_ER_IRQHandler
                0x0000000008006098                LPTIM1_IRQHandler
                0x0000000008006098                DMAMUX_OVR_IRQHandler
                0x0000000008006098                USBWakeUp_IRQHandler
                0x0000000008006098                SAI1_IRQHandler
                0x0000000008006098                DMA2_Channel3_IRQHandler
                0x0000000008006098                COMP4_IRQHandler
                0x0000000008006098                RTC_Alarm_IRQHandler
 *fill*         0x000000000800609a        0x2 
 .text.__libc_init_array
                0x000000000800609c       0x48 /Users/grantham/packages/gcc-arm-none-eabi-7-2018-q2-update/bin/../lib/gcc/arm-none-eabi/7.3.1/../../../../arm-none-eabi/lib/thumb/v7e-m/fpv4-sp/hard/libc_nano.a(lib_a-init.o)
                0x000000000800609c                __libc_init_array
 .text.memset   0x00000000080060e4       0x10 /Users/grantham/packages/gcc-arm-none-eabi-7-2018-q2-update/bin/../lib/gcc/arm-none-eabi/7.3.1/../../../../arm-none-eabi/lib/thumb/v7e-m/fpv4-sp/hard/libc_nano.a(lib_a-memset.o)
                0x00000000080060e4                memset
 .text.sprintf  0x00000000080060f4       0x40 /Users/grantham/packages/gcc-arm-none-eabi-7-2018-q2-update/bin/../lib/gcc/arm-none-eabi/7.3.1/../../../../arm-none-eabi/lib/thumb/v7e-m/fpv4-sp/hard/libc_nano.a(lib_a-sprintf.o)
                0x00000000080060f4                sprintf
                0x00000000080060f4                siprintf
 .text.__ssputs_r
                0x0000000008006134       0xb4 /Users/grantham/packages/gcc-arm-none-eabi-7-2018-q2-update/bin/../lib/gcc/arm-none-eabi/7.3.1/../../../../arm-none-eabi/lib/thumb/v7e-m/fpv4-sp/hard/libc_nano.a(lib_a-nano-svfprintf.o)
                0x0000000008006134                __ssputs_r
 .text._svfprintf_r
                0x00000000080061e8      0x1f0 /Users/grantham/packages/gcc-arm-none-eabi-7-2018-q2-update/bin/../lib/gcc/arm-none-eabi/7.3.1/../../../../arm-none-eabi/lib/thumb/v7e-m/fpv4-sp/hard/libc_nano.a(lib_a-nano-svfprintf.o)
                0x00000000080061e8                _svfprintf_r
                0x00000000080061e8                _svfiprintf_r
 .text._printf_common
                0x00000000080063d8       0xea /Users/grantham/packages/gcc-arm-none-eabi-7-2018-q2-update/bin/../lib/gcc/arm-none-eabi/7.3.1/../../../../arm-none-eabi/lib/thumb/v7e-m/fpv4-sp/hard/libc_nano.a(lib_a-nano-vfprintf_i.o)
                0x00000000080063d8                _printf_common
 *fill*         0x00000000080064c2        0x2 
 .text._printf_i
                0x00000000080064c4      0x224 /Users/grantham/packages/gcc-arm-none-eabi-7-2018-q2-update/bin/../lib/gcc/arm-none-eabi/7.3.1/../../../../arm-none-eabi/lib/thumb/v7e-m/fpv4-sp/hard/libc_nano.a(lib_a-nano-vfprintf_i.o)
                0x00000000080064c4                _printf_i
 .text.memcpy   0x00000000080066e8       0x16 /Users/grantham/packages/gcc-arm-none-eabi-7-2018-q2-update/bin/../lib/gcc/arm-none-eabi/7.3.1/../../../../arm-none-eabi/lib/thumb/v7e-m/fpv4-sp/hard/libc_nano.a(lib_a-memcpy-stub.o)
                0x00000000080066e8                memcpy
 .text.memmove  0x00000000080066fe       0x32 /Users/grantham/packages/gcc-arm-none-eabi-7-2018-q2-update/bin/../lib/gcc/arm-none-eabi/7.3.1/../../../../arm-none-eabi/lib/thumb/v7e-m/fpv4-sp/hard/libc_nano.a(lib_a-memmove.o)
                0x00000000080066fe                memmove
 .text._free_r  0x0000000008006730       0x9c /Users/grantham/packages/gcc-arm-none-eabi-7-2018-q2-update/bin/../lib/gcc/arm-none-eabi/7.3.1/../../../../arm-none-eabi/lib/thumb/v7e-m/fpv4-sp/hard/libc_nano.a(lib_a-nano-freer.o)
                0x0000000008006730                _free_r
 .text._malloc_r
                0x00000000080067cc       0xb4 /Users/grantham/packages/gcc-arm-none-eabi-7-2018-q2-update/bin/../lib/gcc/arm-none-eabi/7.3.1/../../../../arm-none-eabi/lib/thumb/v7e-m/fpv4-sp/hard/libc_nano.a(lib_a-nano-mallocr.o)
                0x00000000080067cc                _malloc_r
 .text._realloc_r
                0x0000000008006880       0x4c /Users/grantham/packages/gcc-arm-none-eabi-7-2018-q2-update/bin/../lib/gcc/arm-none-eabi/7.3.1/../../../../arm-none-eabi/lib/thumb/v7e-m/fpv4-sp/hard/libc_nano.a(lib_a-nano-reallocr.o)
                0x0000000008006880                _realloc_r
 .text._sbrk_r  0x00000000080068cc       0x20 /Users/grantham/packages/gcc-arm-none-eabi-7-2018-q2-update/bin/../lib/gcc/arm-none-eabi/7.3.1/../../../../arm-none-eabi/lib/thumb/v7e-m/fpv4-sp/hard/libc_nano.a(lib_a-sbrkr.o)
                0x00000000080068cc                _sbrk_r
 .text.__malloc_lock
                0x00000000080068ec        0x2 /Users/grantham/packages/gcc-arm-none-eabi-7-2018-q2-update/bin/../lib/gcc/arm-none-eabi/7.3.1/../../../../arm-none-eabi/lib/thumb/v7e-m/fpv4-sp/hard/libc_nano.a(lib_a-mlock.o)
                0x00000000080068ec                __malloc_lock
 .text.__malloc_unlock
                0x00000000080068ee        0x2 /Users/grantham/packages/gcc-arm-none-eabi-7-2018-q2-update/bin/../lib/gcc/arm-none-eabi/7.3.1/../../../../arm-none-eabi/lib/thumb/v7e-m/fpv4-sp/hard/libc_nano.a(lib_a-mlock.o)
                0x00000000080068ee                __malloc_unlock
 .text._malloc_usable_size_r
                0x00000000080068f0       0x10 /Users/grantham/packages/gcc-arm-none-eabi-7-2018-q2-update/bin/../lib/gcc/arm-none-eabi/7.3.1/../../../../arm-none-eabi/lib/thumb/v7e-m/fpv4-sp/hard/libc_nano.a(lib_a-nano-msizer.o)
                0x00000000080068f0                _malloc_usable_size_r
 .text._sbrk    0x0000000008006900       0x1c /Users/grantham/packages/gcc-arm-none-eabi-7-2018-q2-update/bin/../lib/gcc/arm-none-eabi/7.3.1/../../../../arm-none-eabi/lib/thumb/v7e-m/fpv4-sp/hard/libnosys.a(sbrk.o)
                0x0000000008006900                _sbrk
 *(.glue_7)
 .glue_7        0x000000000800691c        0x0 linker stubs
 *(.glue_7t)
 .glue_7t       0x000000000800691c        0x0 linker stubs
 *(.eh_frame)
 .eh_frame      0x000000000800691c        0x0 /Users/grantham/packages/gcc-arm-none-eabi-7-2018-q2-update/bin/../lib/gcc/arm-none-eabi/7.3.1/thumb/v7e-m/fpv4-sp/hard/crtbegin.o
 *(.init)
 .init          0x000000000800691c        0x4 /Users/grantham/packages/gcc-arm-none-eabi-7-2018-q2-update/bin/../lib/gcc/arm-none-eabi/7.3.1/thumb/v7e-m/fpv4-sp/hard/crti.o
                0x000000000800691c                _init
 .init          0x0000000008006920        0x8 /Users/grantham/packages/gcc-arm-none-eabi-7-2018-q2-update/bin/../lib/gcc/arm-none-eabi/7.3.1/thumb/v7e-m/fpv4-sp/hard/crtn.o
 *(.fini)
 .fini          0x0000000008006928        0x4 /Users/grantham/packages/gcc-arm-none-eabi-7-2018-q2-update/bin/../lib/gcc/arm-none-eabi/7.3.1/thumb/v7e-m/fpv4-sp/hard/crti.o
                0x0000000008006928                _fini
 .fini          0x000000000800692c        0x8 /Users/grantham/packages/gcc-arm-none-eabi-7-2018-q2-update/bin/../lib/gcc/arm-none-eabi/7.3.1/thumb/v7e-m/fpv4-sp/hard/crtn.o
                0x0000000008006934                . = ALIGN (0x4)
                0x0000000008006934                _etext = .

.vfp11_veneer   0x0000000008006934        0x0
 .vfp11_veneer  0x0000000008006934        0x0 linker stubs

.v4_bx          0x0000000008006934        0x0
 .v4_bx         0x0000000008006934        0x0 linker stubs

.iplt           0x0000000008006934        0x0
 .iplt          0x0000000008006934        0x0 /Users/grantham/packages/gcc-arm-none-eabi-7-2018-q2-update/bin/../lib/gcc/arm-none-eabi/7.3.1/thumb/v7e-m/fpv4-sp/hard/crtbegin.o

.rodata         0x0000000008006934       0xec
                0x0000000008006934                . = ALIGN (0x4)
 *(.rodata)
 .rodata        0x0000000008006934       0x10 build/stm32g4xx_hal_uart_ex.o
 *(.rodata*)
 .rodata.blargle.str1.4
                0x0000000008006944        0xe build/main.o
 *fill*         0x0000000008006952        0x2 
 .rodata.main.str1.4
                0x0000000008006954       0x38 build/main.o
 .rodata.AHBPrescTable
                0x000000000800698c       0x10 build/system_stm32g4xx.o
                0x000000000800698c                AHBPrescTable
 .rodata.APBPrescTable
                0x000000000800699c        0x8 build/system_stm32g4xx.o
                0x000000000800699c                APBPrescTable
 .rodata.USBD_CDC_ConfigStrDescriptor.str1.4
                0x00000000080069a4        0xb build/usbd_desc.o
 *fill*         0x00000000080069af        0x1 
 .rodata.USBD_CDC_InterfaceStrDescriptor.str1.4
                0x00000000080069b0        0xe build/usbd_desc.o
 *fill*         0x00000000080069be        0x2 
 .rodata.USBD_CDC_ManufacturerStrDescriptor.str1.4
                0x00000000080069c0       0x13 build/usbd_desc.o
 *fill*         0x00000000080069d3        0x1 
 .rodata.USBD_CDC_ProductStrDescriptor.str1.4
                0x00000000080069d4       0x18 build/usbd_desc.o
                                         0x16 (size before relaxing)
 .rodata._svfprintf_r.str1.1
                0x00000000080069ec       0x11 /Users/grantham/packages/gcc-arm-none-eabi-7-2018-q2-update/bin/../lib/gcc/arm-none-eabi/7.3.1/../../../../arm-none-eabi/lib/thumb/v7e-m/fpv4-sp/hard/libc_nano.a(lib_a-nano-svfprintf.o)
 .rodata._printf_i.str1.1
                0x00000000080069fd       0x22 /Users/grantham/packages/gcc-arm-none-eabi-7-2018-q2-update/bin/../lib/gcc/arm-none-eabi/7.3.1/../../../../arm-none-eabi/lib/thumb/v7e-m/fpv4-sp/hard/libc_nano.a(lib_a-nano-vfprintf_i.o)
                0x0000000008006a20                . = ALIGN (0x4)
 *fill*         0x0000000008006a1f        0x1 

.ARM.extab
 *(.ARM.extab* .gnu.linkonce.armextab.*)

.ARM            0x0000000008006a20        0x8
                0x0000000008006a20                __exidx_start = .
 *(.ARM.exidx*)
 .ARM.exidx     0x0000000008006a20        0x8 /Users/grantham/packages/gcc-arm-none-eabi-7-2018-q2-update/bin/../lib/gcc/arm-none-eabi/7.3.1/thumb/v7e-m/fpv4-sp/hard/libgcc.a(_udivmoddi4.o)
                0x0000000008006a28                __exidx_end = .

.rel.dyn        0x0000000008006a28        0x0
 .rel.iplt      0x0000000008006a28        0x0 /Users/grantham/packages/gcc-arm-none-eabi-7-2018-q2-update/bin/../lib/gcc/arm-none-eabi/7.3.1/thumb/v7e-m/fpv4-sp/hard/crtbegin.o

.preinit_array  0x0000000008006a28        0x0
                0x0000000008006a28                PROVIDE (__preinit_array_start = .)
 *(.preinit_array*)
                0x0000000008006a28                PROVIDE (__preinit_array_end = .)

.init_array     0x0000000008006a28        0x4
                0x0000000008006a28                PROVIDE (__init_array_start = .)
 *(SORT_BY_NAME(.init_array.*))
 *(.init_array*)
 .init_array    0x0000000008006a28        0x4 /Users/grantham/packages/gcc-arm-none-eabi-7-2018-q2-update/bin/../lib/gcc/arm-none-eabi/7.3.1/thumb/v7e-m/fpv4-sp/hard/crtbegin.o
                0x0000000008006a2c                PROVIDE (__init_array_end = .)

.fini_array     0x0000000008006a2c        0x4
                [!provide]                        PROVIDE (__fini_array_start = .)
 *(SORT_BY_NAME(.fini_array.*))
 *(.fini_array*)
 .fini_array    0x0000000008006a2c        0x4 /Users/grantham/packages/gcc-arm-none-eabi-7-2018-q2-update/bin/../lib/gcc/arm-none-eabi/7.3.1/thumb/v7e-m/fpv4-sp/hard/crtbegin.o
                [!provide]                        PROVIDE (__fini_array_end = .)
                0x0000000008006a30                _sidata = LOADADDR (.data)

.data           0x0000000020000000      0x1e4 load address 0x0000000008006a30
                0x0000000020000000                . = ALIGN (0x4)
                0x0000000020000000                _sdata = .
 *(.data)
 *(.data*)
 .data.uwTickFreq
                0x0000000020000000        0x4 build/stm32g4xx_hal.o
                0x0000000020000000                uwTickFreq
 .data.uwTickPrio
                0x0000000020000004        0x4 build/stm32g4xx_hal.o
                0x0000000020000004                uwTickPrio
 .data.SystemCoreClock
                0x0000000020000008        0x4 build/system_stm32g4xx.o
                0x0000000020000008                SystemCoreClock
 .data.CDC_Desc
                0x000000002000000c       0x20 build/usbd_desc.o
                0x000000002000000c                CDC_Desc
 .data.USBD_CDC_DeviceDesc
                0x000000002000002c       0x12 build/usbd_desc.o
                0x000000002000002c                USBD_CDC_DeviceDesc
 *fill*         0x000000002000003e        0x2 
 .data.USBD_LangIDDesc
                0x0000000020000040        0x4 build/usbd_desc.o
                0x0000000020000040                USBD_LangIDDesc
 .data.USBD_StringSerial
                0x0000000020000044       0x1a build/usbd_desc.o
                0x0000000020000044                USBD_StringSerial
 *fill*         0x000000002000005e        0x2 
 .data.USBD_Interface_fops_FS
                0x0000000020000060       0x10 build/usbd_cdc_if.o
                0x0000000020000060                USBD_Interface_fops_FS
 .data.USBD_CDC
                0x0000000020000070       0x38 build/usbd_cdc.o
                0x0000000020000070                USBD_CDC
 .data.USBD_CDC_CfgFSDesc
                0x00000000200000a8       0x43 build/usbd_cdc.o
                0x00000000200000a8                USBD_CDC_CfgFSDesc
 *fill*         0x00000000200000eb        0x1 
 .data.USBD_CDC_CfgHSDesc
                0x00000000200000ec       0x43 build/usbd_cdc.o
                0x00000000200000ec                USBD_CDC_CfgHSDesc
 *fill*         0x000000002000012f        0x1 
 .data.USBD_CDC_DeviceQualifierDesc
                0x0000000020000130        0xa build/usbd_cdc.o
 *fill*         0x000000002000013a        0x2 
 .data.USBD_CDC_OtherSpeedCfgDesc
                0x000000002000013c       0x43 build/usbd_cdc.o
                0x000000002000013c                USBD_CDC_OtherSpeedCfgDesc
 *fill*         0x000000002000017f        0x1 
 .data._impure_ptr
                0x0000000020000180        0x4 /Users/grantham/packages/gcc-arm-none-eabi-7-2018-q2-update/bin/../lib/gcc/arm-none-eabi/7.3.1/../../../../arm-none-eabi/lib/thumb/v7e-m/fpv4-sp/hard/libc_nano.a(lib_a-impure.o)
                0x0000000020000180                _impure_ptr
 .data.impure_data
                0x0000000020000184       0x60 /Users/grantham/packages/gcc-arm-none-eabi-7-2018-q2-update/bin/../lib/gcc/arm-none-eabi/7.3.1/../../../../arm-none-eabi/lib/thumb/v7e-m/fpv4-sp/hard/libc_nano.a(lib_a-impure.o)
                0x00000000200001e4                . = ALIGN (0x4)
                0x00000000200001e4                _edata = .

.igot.plt       0x00000000200001e4        0x0 load address 0x0000000008006c14
 .igot.plt      0x00000000200001e4        0x0 /Users/grantham/packages/gcc-arm-none-eabi-7-2018-q2-update/bin/../lib/gcc/arm-none-eabi/7.3.1/thumb/v7e-m/fpv4-sp/hard/crtbegin.o
                0x00000000200001e4                . = ALIGN (0x4)

.bss            0x00000000200001e4     0x1398 load address 0x0000000008006c14
                0x00000000200001e4                _sbss = .
                0x00000000200001e4                __bss_start__ = _sbss
 *(.bss)
 .bss           0x00000000200001e4       0x1c /Users/grantham/packages/gcc-arm-none-eabi-7-2018-q2-update/bin/../lib/gcc/arm-none-eabi/7.3.1/thumb/v7e-m/fpv4-sp/hard/crtbegin.o
 *(.bss*)
 .bss.led       0x0000000020000200        0x4 build/main.o
                0x0000000020000200                led
 .bss.pin0      0x0000000020000204        0x4 build/main.o
                0x0000000020000204                pin0
 .bss.pin1      0x0000000020000208        0x4 build/main.o
                0x0000000020000208                pin1
 .bss.mem.10992
                0x000000002000020c      0x220 build/usbd_conf.o
 .bss.cfgidx.10915
                0x000000002000042c        0x1 build/usbd_ctlreq.o
 *fill*         0x000000002000042d        0x3 
 .bss.__malloc_free_list
                0x0000000020000430        0x4 /Users/grantham/packages/gcc-arm-none-eabi-7-2018-q2-update/bin/../lib/gcc/arm-none-eabi/7.3.1/../../../../arm-none-eabi/lib/thumb/v7e-m/fpv4-sp/hard/libc_nano.a(lib_a-nano-mallocr.o)
                0x0000000020000430                __malloc_free_list
 .bss.__malloc_sbrk_start
                0x0000000020000434        0x4 /Users/grantham/packages/gcc-arm-none-eabi-7-2018-q2-update/bin/../lib/gcc/arm-none-eabi/7.3.1/../../../../arm-none-eabi/lib/thumb/v7e-m/fpv4-sp/hard/libc_nano.a(lib_a-nano-mallocr.o)
                0x0000000020000434                __malloc_sbrk_start
 .bss.heap_end.5377
                0x0000000020000438        0x4 /Users/grantham/packages/gcc-arm-none-eabi-7-2018-q2-update/bin/../lib/gcc/arm-none-eabi/7.3.1/../../../../arm-none-eabi/lib/thumb/v7e-m/fpv4-sp/hard/libnosys.a(sbrk.o)
 *(COMMON)
 COMMON         0x000000002000043c      0x230 build/main.o
                0x000000002000043c                printbuffer
                0x00000000200004bc                hdac1
                0x00000000200004d0                hdma_dac1_ch1
                0x0000000020000530                htim1
                0x000000002000057c                hspi1
                0x00000000200005e0                huart2
 COMMON         0x000000002000066c        0x4 build/stm32g4xx_hal.o
                0x000000002000066c                uwTick
 COMMON         0x0000000020000670      0x2c4 build/usb_device.o
                0x0000000020000670                hUsbDeviceFS
 COMMON         0x0000000020000934      0x274 build/usbd_conf.o
                0x0000000020000934                hpcd_USB_FS
 COMMON         0x0000000020000ba8      0x200 build/usbd_desc.o
                0x0000000020000ba8                USBD_StrDesc
 COMMON         0x0000000020000da8      0x7d0 build/usbd_cdc_if.o
                0x0000000020000da8                UserRxBufferFS
                0x0000000020001190                UserTxBufferFS
 COMMON         0x0000000020001578        0x4 /Users/grantham/packages/gcc-arm-none-eabi-7-2018-q2-update/bin/../lib/gcc/arm-none-eabi/7.3.1/../../../../arm-none-eabi/lib/thumb/v7e-m/fpv4-sp/hard/libc_nano.a(lib_a-reent.o)
                0x0000000020001578                errno
                0x000000002000157c                . = ALIGN (0x4)
                0x000000002000157c                _ebss = .
                0x000000002000157c                __bss_end__ = _ebss

._user_heap_stack
                0x000000002000157c      0x604 load address 0x0000000008006c14
                0x0000000020001580                . = ALIGN (0x8)
 *fill*         0x000000002000157c        0x4 
                0x0000000020001580                PROVIDE (end = .)
                [!provide]                        PROVIDE (_end = .)
                0x0000000020001780                . = (. + _Min_Heap_Size)
 *fill*         0x0000000020001580      0x200 
                0x0000000020001b80                . = (. + _Min_Stack_Size)
 *fill*         0x0000000020001780      0x400 
                0x0000000020001b80                . = ALIGN (0x8)

/DISCARD/
 libc.a(*)
 libm.a(*)
 libgcc.a(*)

.ARM.attributes
                0x0000000000000000       0x30
 *(.ARM.attributes)
 .ARM.attributes
                0x0000000000000000       0x22 /Users/grantham/packages/gcc-arm-none-eabi-7-2018-q2-update/bin/../lib/gcc/arm-none-eabi/7.3.1/thumb/v7e-m/fpv4-sp/hard/crti.o
 .ARM.attributes
                0x0000000000000022       0x34 /Users/grantham/packages/gcc-arm-none-eabi-7-2018-q2-update/bin/../lib/gcc/arm-none-eabi/7.3.1/thumb/v7e-m/fpv4-sp/hard/crtbegin.o
 .ARM.attributes
                0x0000000000000056       0x39 build/main.o
 .ARM.attributes
                0x000000000000008f       0x39 build/stm32g4xx_it.o
 .ARM.attributes
                0x00000000000000c8       0x39 build/stm32g4xx_hal_msp.o
 .ARM.attributes
                0x0000000000000101       0x39 build/stm32g4xx_hal_gpio.o
 .ARM.attributes
                0x000000000000013a       0x39 build/stm32g4xx_hal_tim.o
 .ARM.attributes
                0x0000000000000173       0x39 build/stm32g4xx_hal_tim_ex.o
 .ARM.attributes
                0x00000000000001ac       0x39 build/stm32g4xx_hal_uart.o
 .ARM.attributes
                0x00000000000001e5       0x39 build/stm32g4xx_hal_uart_ex.o
 .ARM.attributes
                0x000000000000021e       0x39 build/stm32g4xx_hal.o
 .ARM.attributes
                0x0000000000000257       0x39 build/stm32g4xx_hal_rcc.o
 .ARM.attributes
                0x0000000000000290       0x39 build/stm32g4xx_hal_rcc_ex.o
 .ARM.attributes
                0x00000000000002c9       0x39 build/stm32g4xx_hal_dma.o
 .ARM.attributes
                0x0000000000000302       0x39 build/stm32g4xx_hal_pwr_ex.o
 .ARM.attributes
                0x000000000000033b       0x39 build/stm32g4xx_hal_cortex.o
 .ARM.attributes
                0x0000000000000374       0x39 build/system_stm32g4xx.o
 .ARM.attributes
                0x00000000000003ad       0x39 build/usb_device.o
 .ARM.attributes
                0x00000000000003e6       0x39 build/usbd_conf.o
 .ARM.attributes
                0x000000000000041f       0x39 build/usbd_desc.o
 .ARM.attributes
                0x0000000000000458       0x39 build/usbd_cdc_if.o
 .ARM.attributes
                0x0000000000000491       0x39 build/stm32g4xx_hal_pcd.o
 .ARM.attributes
                0x00000000000004ca       0x39 build/stm32g4xx_hal_pcd_ex.o
 .ARM.attributes
                0x0000000000000503       0x39 build/stm32g4xx_ll_usb.o
 .ARM.attributes
                0x000000000000053c       0x39 build/stm32g4xx_hal_dac.o
 .ARM.attributes
                0x0000000000000575       0x39 build/stm32g4xx_hal_spi.o
 .ARM.attributes
                0x00000000000005ae       0x39 build/usbd_core.o
 .ARM.attributes
                0x00000000000005e7       0x39 build/usbd_ctlreq.o
 .ARM.attributes
                0x0000000000000620       0x39 build/usbd_ioreq.o
 .ARM.attributes
                0x0000000000000659       0x39 build/usbd_cdc.o
 .ARM.attributes
                0x0000000000000692       0x21 build/startup_stm32g431xx.o
 .ARM.attributes
                0x00000000000006b3       0x34 /Users/grantham/packages/gcc-arm-none-eabi-7-2018-q2-update/bin/../lib/gcc/arm-none-eabi/7.3.1/../../../../arm-none-eabi/lib/thumb/v7e-m/fpv4-sp/hard/libc_nano.a(lib_a-impure.o)
 .ARM.attributes
                0x00000000000006e7       0x34 /Users/grantham/packages/gcc-arm-none-eabi-7-2018-q2-update/bin/../lib/gcc/arm-none-eabi/7.3.1/../../../../arm-none-eabi/lib/thumb/v7e-m/fpv4-sp/hard/libc_nano.a(lib_a-init.o)
 .ARM.attributes
                0x000000000000071b       0x34 /Users/grantham/packages/gcc-arm-none-eabi-7-2018-q2-update/bin/../lib/gcc/arm-none-eabi/7.3.1/../../../../arm-none-eabi/lib/thumb/v7e-m/fpv4-sp/hard/libc_nano.a(lib_a-memset.o)
 .ARM.attributes
                0x000000000000074f       0x34 /Users/grantham/packages/gcc-arm-none-eabi-7-2018-q2-update/bin/../lib/gcc/arm-none-eabi/7.3.1/../../../../arm-none-eabi/lib/thumb/v7e-m/fpv4-sp/hard/libc_nano.a(lib_a-sprintf.o)
 .ARM.attributes
                0x0000000000000783       0x1b /Users/grantham/packages/gcc-arm-none-eabi-7-2018-q2-update/bin/../lib/gcc/arm-none-eabi/7.3.1/../../../../arm-none-eabi/lib/thumb/v7e-m/fpv4-sp/hard/libc_nano.a(lib_a-strlen.o)
 .ARM.attributes
                0x000000000000079e       0x34 /Users/grantham/packages/gcc-arm-none-eabi-7-2018-q2-update/bin/../lib/gcc/arm-none-eabi/7.3.1/../../../../arm-none-eabi/lib/thumb/v7e-m/fpv4-sp/hard/libc_nano.a(lib_a-nano-svfprintf.o)
 .ARM.attributes
                0x00000000000007d2       0x34 /Users/grantham/packages/gcc-arm-none-eabi-7-2018-q2-update/bin/../lib/gcc/arm-none-eabi/7.3.1/../../../../arm-none-eabi/lib/thumb/v7e-m/fpv4-sp/hard/libc_nano.a(lib_a-nano-vfprintf_i.o)
 .ARM.attributes
                0x0000000000000806       0x20 /Users/grantham/packages/gcc-arm-none-eabi-7-2018-q2-update/bin/../lib/gcc/arm-none-eabi/7.3.1/../../../../arm-none-eabi/lib/thumb/v7e-m/fpv4-sp/hard/libc_nano.a(lib_a-memchr.o)
 .ARM.attributes
                0x0000000000000826       0x34 /Users/grantham/packages/gcc-arm-none-eabi-7-2018-q2-update/bin/../lib/gcc/arm-none-eabi/7.3.1/../../../../arm-none-eabi/lib/thumb/v7e-m/fpv4-sp/hard/libc_nano.a(lib_a-memcpy-stub.o)
 .ARM.attributes
                0x000000000000085a       0x34 /Users/grantham/packages/gcc-arm-none-eabi-7-2018-q2-update/bin/../lib/gcc/arm-none-eabi/7.3.1/../../../../arm-none-eabi/lib/thumb/v7e-m/fpv4-sp/hard/libc_nano.a(lib_a-memmove.o)
 .ARM.attributes
                0x000000000000088e       0x34 /Users/grantham/packages/gcc-arm-none-eabi-7-2018-q2-update/bin/../lib/gcc/arm-none-eabi/7.3.1/../../../../arm-none-eabi/lib/thumb/v7e-m/fpv4-sp/hard/libc_nano.a(lib_a-nano-freer.o)
 .ARM.attributes
                0x00000000000008c2       0x34 /Users/grantham/packages/gcc-arm-none-eabi-7-2018-q2-update/bin/../lib/gcc/arm-none-eabi/7.3.1/../../../../arm-none-eabi/lib/thumb/v7e-m/fpv4-sp/hard/libc_nano.a(lib_a-nano-mallocr.o)
 .ARM.attributes
                0x00000000000008f6       0x34 /Users/grantham/packages/gcc-arm-none-eabi-7-2018-q2-update/bin/../lib/gcc/arm-none-eabi/7.3.1/../../../../arm-none-eabi/lib/thumb/v7e-m/fpv4-sp/hard/libc_nano.a(lib_a-nano-reallocr.o)
 .ARM.attributes
                0x000000000000092a       0x34 /Users/grantham/packages/gcc-arm-none-eabi-7-2018-q2-update/bin/../lib/gcc/arm-none-eabi/7.3.1/../../../../arm-none-eabi/lib/thumb/v7e-m/fpv4-sp/hard/libc_nano.a(lib_a-sbrkr.o)
 .ARM.attributes
                0x000000000000095e       0x34 /Users/grantham/packages/gcc-arm-none-eabi-7-2018-q2-update/bin/../lib/gcc/arm-none-eabi/7.3.1/../../../../arm-none-eabi/lib/thumb/v7e-m/fpv4-sp/hard/libc_nano.a(lib_a-mlock.o)
 .ARM.attributes
                0x0000000000000992       0x34 /Users/grantham/packages/gcc-arm-none-eabi-7-2018-q2-update/bin/../lib/gcc/arm-none-eabi/7.3.1/../../../../arm-none-eabi/lib/thumb/v7e-m/fpv4-sp/hard/libc_nano.a(lib_a-nano-msizer.o)
 .ARM.attributes
                0x00000000000009c6       0x34 /Users/grantham/packages/gcc-arm-none-eabi-7-2018-q2-update/bin/../lib/gcc/arm-none-eabi/7.3.1/../../../../arm-none-eabi/lib/thumb/v7e-m/fpv4-sp/hard/libc_nano.a(lib_a-reent.o)
 .ARM.attributes
                0x00000000000009fa       0x34 /Users/grantham/packages/gcc-arm-none-eabi-7-2018-q2-update/bin/../lib/gcc/arm-none-eabi/7.3.1/../../../../arm-none-eabi/lib/thumb/v7e-m/fpv4-sp/hard/libnosys.a(sbrk.o)
 .ARM.attributes
                0x0000000000000a2e       0x22 /Users/grantham/packages/gcc-arm-none-eabi-7-2018-q2-update/bin/../lib/gcc/arm-none-eabi/7.3.1/thumb/v7e-m/fpv4-sp/hard/libgcc.a(_aeabi_uldivmod.o)
 .ARM.attributes
                0x0000000000000a50       0x34 /Users/grantham/packages/gcc-arm-none-eabi-7-2018-q2-update/bin/../lib/gcc/arm-none-eabi/7.3.1/thumb/v7e-m/fpv4-sp/hard/libgcc.a(_udivmoddi4.o)
 .ARM.attributes
                0x0000000000000a84       0x22 /Users/grantham/packages/gcc-arm-none-eabi-7-2018-q2-update/bin/../lib/gcc/arm-none-eabi/7.3.1/thumb/v7e-m/fpv4-sp/hard/libgcc.a(_dvmd_tls.o)
 .ARM.attributes
                0x0000000000000aa6       0x22 /Users/grantham/packages/gcc-arm-none-eabi-7-2018-q2-update/bin/../lib/gcc/arm-none-eabi/7.3.1/thumb/v7e-m/fpv4-sp/hard/crtn.o
OUTPUT(build/coffee-timer.elf elf32-littlearm)

.debug_info     0x0000000000000000    0x258a9
 .debug_info    0x0000000000000000     0x2fb9 build/main.o
 .debug_info    0x0000000000002fb9      0xcb2 build/stm32g4xx_it.o
 .debug_info    0x0000000000003c6b     0x1923 build/stm32g4xx_hal_msp.o
 .debug_info    0x000000000000558e      0x96c build/stm32g4xx_hal_gpio.o
 .debug_info    0x0000000000005efa     0x3981 build/stm32g4xx_hal_tim.o
 .debug_info    0x000000000000987b     0x2154 build/stm32g4xx_hal_tim_ex.o
 .debug_info    0x000000000000b9cf     0x203c build/stm32g4xx_hal_uart.o
 .debug_info    0x000000000000da0b      0xda2 build/stm32g4xx_hal_uart_ex.o
 .debug_info    0x000000000000e7ad      0xc6a build/stm32g4xx_hal.o
 .debug_info    0x000000000000f417      0xeb3 build/stm32g4xx_hal_rcc.o
 .debug_info    0x00000000000102ca      0xf66 build/stm32g4xx_hal_rcc_ex.o
 .debug_info    0x0000000000011230      0xae5 build/stm32g4xx_hal_dma.o
 .debug_info    0x0000000000011d15      0xae6 build/stm32g4xx_hal_pwr_ex.o
 .debug_info    0x00000000000127fb     0x1017 build/stm32g4xx_hal_cortex.o
 .debug_info    0x0000000000013812      0x6b0 build/system_stm32g4xx.o
 .debug_info    0x0000000000013ec2     0x103d build/usb_device.o
 .debug_info    0x0000000000014eff     0x270b build/usbd_conf.o
 .debug_info    0x000000000001760a      0xf58 build/usbd_desc.o
 .debug_info    0x0000000000018562     0x11fe build/usbd_cdc_if.o
 .debug_info    0x0000000000019760     0x1381 build/stm32g4xx_hal_pcd.o
 .debug_info    0x000000000001aae1      0xa9d build/stm32g4xx_hal_pcd_ex.o
 .debug_info    0x000000000001b57e     0x16c7 build/stm32g4xx_ll_usb.o
 .debug_info    0x000000000001cc45      0xeea build/stm32g4xx_hal_dac.o
 .debug_info    0x000000000001db2f     0x202d build/stm32g4xx_hal_spi.o
 .debug_info    0x000000000001fb5c     0x165e build/usbd_core.o
 .debug_info    0x00000000000211ba     0x19a7 build/usbd_ctlreq.o
 .debug_info    0x0000000000022b61     0x112e build/usbd_ioreq.o
 .debug_info    0x0000000000023c8f     0x1bf8 build/usbd_cdc.o
 .debug_info    0x0000000000025887       0x22 build/startup_stm32g431xx.o

.debug_abbrev   0x0000000000000000     0x4384
 .debug_abbrev  0x0000000000000000      0x372 build/main.o
 .debug_abbrev  0x0000000000000372      0x1dc build/stm32g4xx_it.o
 .debug_abbrev  0x000000000000054e      0x272 build/stm32g4xx_hal_msp.o
 .debug_abbrev  0x00000000000007c0      0x1db build/stm32g4xx_hal_gpio.o
 .debug_abbrev  0x000000000000099b      0x24e build/stm32g4xx_hal_tim.o
 .debug_abbrev  0x0000000000000be9      0x26e build/stm32g4xx_hal_tim_ex.o
 .debug_abbrev  0x0000000000000e57      0x24a build/stm32g4xx_hal_uart.o
 .debug_abbrev  0x00000000000010a1      0x223 build/stm32g4xx_hal_uart_ex.o
 .debug_abbrev  0x00000000000012c4      0x206 build/stm32g4xx_hal.o
 .debug_abbrev  0x00000000000014ca      0x238 build/stm32g4xx_hal_rcc.o
 .debug_abbrev  0x0000000000001702      0x231 build/stm32g4xx_hal_rcc_ex.o
 .debug_abbrev  0x0000000000001933      0x22e build/stm32g4xx_hal_dma.o
 .debug_abbrev  0x0000000000001b61      0x20d build/stm32g4xx_hal_pwr_ex.o
 .debug_abbrev  0x0000000000001d6e      0x31a build/stm32g4xx_hal_cortex.o
 .debug_abbrev  0x0000000000002088      0x144 build/system_stm32g4xx.o
 .debug_abbrev  0x00000000000021cc      0x219 build/usb_device.o
 .debug_abbrev  0x00000000000023e5      0x34b build/usbd_conf.o
 .debug_abbrev  0x0000000000002730      0x2e2 build/usbd_desc.o
 .debug_abbrev  0x0000000000002a12      0x2c6 build/usbd_cdc_if.o
 .debug_abbrev  0x0000000000002cd8      0x29e build/stm32g4xx_hal_pcd.o
 .debug_abbrev  0x0000000000002f76      0x237 build/stm32g4xx_hal_pcd_ex.o
 .debug_abbrev  0x00000000000031ad      0x2af build/stm32g4xx_ll_usb.o
 .debug_abbrev  0x000000000000345c      0x1d7 build/stm32g4xx_hal_dac.o
 .debug_abbrev  0x0000000000003633      0x235 build/stm32g4xx_hal_spi.o
 .debug_abbrev  0x0000000000003868      0x2a9 build/usbd_core.o
 .debug_abbrev  0x0000000000003b11      0x326 build/usbd_ctlreq.o
 .debug_abbrev  0x0000000000003e37      0x212 build/usbd_ioreq.o
 .debug_abbrev  0x0000000000004049      0x329 build/usbd_cdc.o
 .debug_abbrev  0x0000000000004372       0x12 build/startup_stm32g431xx.o

.debug_loc      0x0000000000000000    0x135bc
 .debug_loc     0x0000000000000000       0xad build/main.o
 .debug_loc     0x00000000000000ad       0x1f build/stm32g4xx_it.o
 .debug_loc     0x00000000000000cc      0x185 build/stm32g4xx_hal_msp.o
 .debug_loc     0x0000000000000251      0x29c build/stm32g4xx_hal_gpio.o
 .debug_loc     0x00000000000004ed     0x49ab build/stm32g4xx_hal_tim.o
 .debug_loc     0x0000000000004e98     0x24c4 build/stm32g4xx_hal_tim_ex.o
 .debug_loc     0x000000000000735c     0x1acd build/stm32g4xx_hal_uart.o
 .debug_loc     0x0000000000008e29      0x4bb build/stm32g4xx_hal_uart_ex.o
 .debug_loc     0x00000000000092e4      0x22c build/stm32g4xx_hal.o
 .debug_loc     0x0000000000009510      0x652 build/stm32g4xx_hal_rcc.o
 .debug_loc     0x0000000000009b62     0x13de build/stm32g4xx_hal_rcc_ex.o
 .debug_loc     0x000000000000af40      0x817 build/stm32g4xx_hal_dma.o
 .debug_loc     0x000000000000b757      0x8bc build/stm32g4xx_hal_pwr_ex.o
 .debug_loc     0x000000000000c013      0x5ac build/stm32g4xx_hal_cortex.o
 .debug_loc     0x000000000000c5bf       0x80 build/system_stm32g4xx.o
 .debug_loc     0x000000000000c63f      0xadb build/usbd_conf.o
 .debug_loc     0x000000000000d11a      0x30e build/usbd_desc.o
 .debug_loc     0x000000000000d428      0x113 build/usbd_cdc_if.o
 .debug_loc     0x000000000000d53b      0xa6f build/stm32g4xx_hal_pcd.o
 .debug_loc     0x000000000000dfaa      0x189 build/stm32g4xx_hal_pcd_ex.o
 .debug_loc     0x000000000000e133     0x118a build/stm32g4xx_ll_usb.o
 .debug_loc     0x000000000000f2bd      0x7c1 build/stm32g4xx_hal_dac.o
 .debug_loc     0x000000000000fa7e     0x19f9 build/stm32g4xx_hal_spi.o
 .debug_loc     0x0000000000011477      0x72a build/usbd_core.o
 .debug_loc     0x0000000000011ba1     0x10b6 build/usbd_ctlreq.o
 .debug_loc     0x0000000000012c57      0x23c build/usbd_ioreq.o
 .debug_loc     0x0000000000012e93      0x729 build/usbd_cdc.o

.debug_aranges  0x0000000000000000     0x18d8
 .debug_aranges
                0x0000000000000000       0x80 build/main.o
 .debug_aranges
                0x0000000000000080       0x80 build/stm32g4xx_it.o
 .debug_aranges
                0x0000000000000100       0x68 build/stm32g4xx_hal_msp.o
 .debug_aranges
                0x0000000000000168       0x58 build/stm32g4xx_hal_gpio.o
 .debug_aranges
                0x00000000000001c0      0x3e0 build/stm32g4xx_hal_tim.o
 .debug_aranges
                0x00000000000005a0      0x240 build/stm32g4xx_hal_tim_ex.o
 .debug_aranges
                0x00000000000007e0      0x218 build/stm32g4xx_hal_uart.o
 .debug_aranges
                0x00000000000009f8       0x88 build/stm32g4xx_hal_uart_ex.o
 .debug_aranges
                0x0000000000000a80      0x130 build/stm32g4xx_hal.o
 .debug_aranges
                0x0000000000000bb0       0x98 build/stm32g4xx_hal_rcc.o
 .debug_aranges
                0x0000000000000c48       0xb0 build/stm32g4xx_hal_rcc_ex.o
 .debug_aranges
                0x0000000000000cf8       0x90 build/stm32g4xx_hal_dma.o
 .debug_aranges
                0x0000000000000d88      0x140 build/stm32g4xx_hal_pwr_ex.o
 .debug_aranges
                0x0000000000000ec8       0xa8 build/stm32g4xx_hal_cortex.o
 .debug_aranges
                0x0000000000000f70       0x28 build/system_stm32g4xx.o
 .debug_aranges
                0x0000000000000f98       0x20 build/usb_device.o
 .debug_aranges
                0x0000000000000fb8      0x120 build/usbd_conf.o
 .debug_aranges
                0x00000000000010d8       0x60 build/usbd_desc.o
 .debug_aranges
                0x0000000000001138       0x40 build/usbd_cdc_if.o
 .debug_aranges
                0x0000000000001178      0x120 build/stm32g4xx_hal_pcd.o
 .debug_aranges
                0x0000000000001298       0x58 build/stm32g4xx_hal_pcd_ex.o
 .debug_aranges
                0x00000000000012f0      0x108 build/stm32g4xx_ll_usb.o
 .debug_aranges
                0x00000000000013f8       0xc0 build/stm32g4xx_hal_dac.o
 .debug_aranges
                0x00000000000014b8      0x1d8 build/stm32g4xx_hal_spi.o
 .debug_aranges
                0x0000000000001690       0xb8 build/usbd_core.o
 .debug_aranges
                0x0000000000001748       0x88 build/usbd_ctlreq.o
 .debug_aranges
                0x00000000000017d0       0x50 build/usbd_ioreq.o
 .debug_aranges
                0x0000000000001820       0x90 build/usbd_cdc.o
 .debug_aranges
                0x00000000000018b0       0x28 build/startup_stm32g431xx.o

.debug_ranges   0x0000000000000000     0x1908
 .debug_ranges  0x0000000000000000       0x70 build/main.o
 .debug_ranges  0x0000000000000070       0x88 build/stm32g4xx_it.o
 .debug_ranges  0x00000000000000f8       0x58 build/stm32g4xx_hal_msp.o
 .debug_ranges  0x0000000000000150       0x48 build/stm32g4xx_hal_gpio.o
 .debug_ranges  0x0000000000000198      0x3d0 build/stm32g4xx_hal_tim.o
 .debug_ranges  0x0000000000000568      0x230 build/stm32g4xx_hal_tim_ex.o
 .debug_ranges  0x0000000000000798      0x208 build/stm32g4xx_hal_uart.o
 .debug_ranges  0x00000000000009a0       0x78 build/stm32g4xx_hal_uart_ex.o
 .debug_ranges  0x0000000000000a18      0x120 build/stm32g4xx_hal.o
 .debug_ranges  0x0000000000000b38       0xa0 build/stm32g4xx_hal_rcc.o
 .debug_ranges  0x0000000000000bd8       0xb8 build/stm32g4xx_hal_rcc_ex.o
 .debug_ranges  0x0000000000000c90       0x80 build/stm32g4xx_hal_dma.o
 .debug_ranges  0x0000000000000d10      0x130 build/stm32g4xx_hal_pwr_ex.o
 .debug_ranges  0x0000000000000e40       0xf8 build/stm32g4xx_hal_cortex.o
 .debug_ranges  0x0000000000000f38       0x18 build/system_stm32g4xx.o
 .debug_ranges  0x0000000000000f50       0x10 build/usb_device.o
 .debug_ranges  0x0000000000000f60      0x110 build/usbd_conf.o
 .debug_ranges  0x0000000000001070       0x50 build/usbd_desc.o
 .debug_ranges  0x00000000000010c0       0x30 build/usbd_cdc_if.o
 .debug_ranges  0x00000000000010f0      0x140 build/stm32g4xx_hal_pcd.o
 .debug_ranges  0x0000000000001230       0x48 build/stm32g4xx_hal_pcd_ex.o
 .debug_ranges  0x0000000000001278      0x218 build/stm32g4xx_ll_usb.o
 .debug_ranges  0x0000000000001490       0xb0 build/stm32g4xx_hal_dac.o
 .debug_ranges  0x0000000000001540      0x1c8 build/stm32g4xx_hal_spi.o
 .debug_ranges  0x0000000000001708       0xa8 build/usbd_core.o
 .debug_ranges  0x00000000000017b0       0x78 build/usbd_ctlreq.o
 .debug_ranges  0x0000000000001828       0x40 build/usbd_ioreq.o
 .debug_ranges  0x0000000000001868       0x80 build/usbd_cdc.o
 .debug_ranges  0x00000000000018e8       0x20 build/startup_stm32g431xx.o

.debug_line     0x0000000000000000     0xc898
 .debug_line    0x0000000000000000      0x606 build/main.o
 .debug_line    0x0000000000000606      0x34a build/stm32g4xx_it.o
 .debug_line    0x0000000000000950      0x3a8 build/stm32g4xx_hal_msp.o
 .debug_line    0x0000000000000cf8      0x376 build/stm32g4xx_hal_gpio.o
 .debug_line    0x000000000000106e     0x2054 build/stm32g4xx_hal_tim.o
 .debug_line    0x00000000000030c2     0x112b build/stm32g4xx_hal_tim_ex.o
 .debug_line    0x00000000000041ed     0x13e1 build/stm32g4xx_hal_uart.o
 .debug_line    0x00000000000055ce      0x4d3 build/stm32g4xx_hal_uart_ex.o
 .debug_line    0x0000000000005aa1      0x4c4 build/stm32g4xx_hal.o
 .debug_line    0x0000000000005f65      0x556 build/stm32g4xx_hal_rcc.o
 .debug_line    0x00000000000064bb      0x773 build/stm32g4xx_hal_rcc_ex.o
 .debug_line    0x0000000000006c2e      0x4d7 build/stm32g4xx_hal_dma.o
 .debug_line    0x0000000000007105      0x679 build/stm32g4xx_hal_pwr_ex.o
 .debug_line    0x000000000000777e      0x47b build/stm32g4xx_hal_cortex.o
 .debug_line    0x0000000000007bf9      0x21b build/system_stm32g4xx.o
 .debug_line    0x0000000000007e14      0x387 build/usb_device.o
 .debug_line    0x000000000000819b      0x689 build/usbd_conf.o
 .debug_line    0x0000000000008824      0x3e5 build/usbd_desc.o
 .debug_line    0x0000000000008c09      0x3b2 build/usbd_cdc_if.o
 .debug_line    0x0000000000008fbb      0x718 build/stm32g4xx_hal_pcd.o
 .debug_line    0x00000000000096d3      0x2f6 build/stm32g4xx_hal_pcd_ex.o
 .debug_line    0x00000000000099c9      0x6b8 build/stm32g4xx_ll_usb.o
 .debug_line    0x000000000000a081      0x54d build/stm32g4xx_hal_dac.o
 .debug_line    0x000000000000a5ce      0xd44 build/stm32g4xx_hal_spi.o
 .debug_line    0x000000000000b312      0x587 build/usbd_core.o
 .debug_line    0x000000000000b899      0x61c build/usbd_ctlreq.o
 .debug_line    0x000000000000beb5      0x3b6 build/usbd_ioreq.o
 .debug_line    0x000000000000c26b      0x5b6 build/usbd_cdc.o
 .debug_line    0x000000000000c821       0x77 build/startup_stm32g431xx.o

.debug_str      0x0000000000000000     0x78d1
 .debug_str     0x0000000000000000     0x20d1 build/main.o
                                       0x2278 (size before relaxing)
 .debug_str     0x00000000000020d1      0x3e3 build/stm32g4xx_it.o
                                        0xb43 (size before relaxing)
 .debug_str     0x00000000000024b4      0x181 build/stm32g4xx_hal_msp.o
                                       0x1207 (size before relaxing)
 .debug_str     0x0000000000002635      0x109 build/stm32g4xx_hal_gpio.o
                                        0x747 (size before relaxing)
 .debug_str     0x000000000000273e      0xea8 build/stm32g4xx_hal_tim.o
                                       0x1a2f (size before relaxing)
 .debug_str     0x00000000000035e6      0x85e build/stm32g4xx_hal_tim_ex.o
                                       0x16c0 (size before relaxing)
 .debug_str     0x0000000000003e44      0x7d8 build/stm32g4xx_hal_uart.o
                                       0x1286 (size before relaxing)
 .debug_str     0x000000000000461c      0x1cd build/stm32g4xx_hal_uart_ex.o
                                        0xbc8 (size before relaxing)
 .debug_str     0x00000000000047e9      0x3e2 build/stm32g4xx_hal.o
                                        0xe10 (size before relaxing)
 .debug_str     0x0000000000004bcb      0x1f8 build/stm32g4xx_hal_rcc.o
                                        0x9db (size before relaxing)
 .debug_str     0x0000000000004dc3      0x372 build/stm32g4xx_hal_rcc_ex.o
                                        0xc1d (size before relaxing)
 .debug_str     0x0000000000005135      0x250 build/stm32g4xx_hal_dma.o
                                        0x971 (size before relaxing)
 .debug_str     0x0000000000005385      0x4f8 build/stm32g4xx_hal_pwr_ex.o
                                        0x9cb (size before relaxing)
 .debug_str     0x000000000000587d      0x3e5 build/stm32g4xx_hal_cortex.o
                                        0xd6c (size before relaxing)
 .debug_str     0x0000000000005c62       0x38 build/system_stm32g4xx.o
                                        0x58b (size before relaxing)
 .debug_str     0x0000000000005c9a      0x3cb build/usb_device.o
                                        0xc31 (size before relaxing)
 .debug_str     0x0000000000006065      0x532 build/usbd_conf.o
                                       0x1a90 (size before relaxing)
 .debug_str     0x0000000000006597      0x179 build/usbd_desc.o
                                        0xa44 (size before relaxing)
 .debug_str     0x0000000000006710      0x11b build/usbd_cdc_if.o
                                        0xd00 (size before relaxing)
 .debug_str     0x000000000000682b      0x242 build/stm32g4xx_hal_pcd.o
                                        0xc07 (size before relaxing)
 .debug_str     0x0000000000006a6d      0x16f build/stm32g4xx_hal_pcd_ex.o
                                        0x930 (size before relaxing)
 .debug_str     0x0000000000006bdc      0x1d9 build/stm32g4xx_ll_usb.o
                                        0x937 (size before relaxing)
 .debug_str     0x0000000000006db5      0x1cf build/stm32g4xx_hal_dac.o
                                        0xb9a (size before relaxing)
 .debug_str     0x0000000000006f84      0x51a build/stm32g4xx_hal_spi.o
                                        0xe69 (size before relaxing)
 .debug_str     0x000000000000749e      0x13e build/usbd_core.o
                                        0xe26 (size before relaxing)
 .debug_str     0x00000000000075dc       0xe2 build/usbd_ctlreq.o
                                        0xd40 (size before relaxing)
 .debug_str     0x00000000000076be       0x60 build/usbd_ioreq.o
                                        0xc6d (size before relaxing)
 .debug_str     0x000000000000771e      0x18f build/usbd_cdc.o
                                       0x11ee (size before relaxing)
 .debug_str     0x00000000000078ad       0x24 build/startup_stm32g431xx.o
                                         0x54 (size before relaxing)

.comment        0x0000000000000000       0x7f
 .comment       0x0000000000000000       0x7f build/main.o
                                         0x80 (size before relaxing)
 .comment       0x000000000000007f       0x80 build/stm32g4xx_it.o
 .comment       0x000000000000007f       0x80 build/stm32g4xx_hal_msp.o
 .comment       0x000000000000007f       0x80 build/stm32g4xx_hal_gpio.o
 .comment       0x000000000000007f       0x80 build/stm32g4xx_hal_tim.o
 .comment       0x000000000000007f       0x80 build/stm32g4xx_hal_tim_ex.o
 .comment       0x000000000000007f       0x80 build/stm32g4xx_hal_uart.o
 .comment       0x000000000000007f       0x80 build/stm32g4xx_hal_uart_ex.o
 .comment       0x000000000000007f       0x80 build/stm32g4xx_hal.o
 .comment       0x000000000000007f       0x80 build/stm32g4xx_hal_rcc.o
 .comment       0x000000000000007f       0x80 build/stm32g4xx_hal_rcc_ex.o
 .comment       0x000000000000007f       0x80 build/stm32g4xx_hal_dma.o
 .comment       0x000000000000007f       0x80 build/stm32g4xx_hal_pwr_ex.o
 .comment       0x000000000000007f       0x80 build/stm32g4xx_hal_cortex.o
 .comment       0x000000000000007f       0x80 build/system_stm32g4xx.o
 .comment       0x000000000000007f       0x80 build/usb_device.o
 .comment       0x000000000000007f       0x80 build/usbd_conf.o
 .comment       0x000000000000007f       0x80 build/usbd_desc.o
 .comment       0x000000000000007f       0x80 build/usbd_cdc_if.o
 .comment       0x000000000000007f       0x80 build/stm32g4xx_hal_pcd.o
 .comment       0x000000000000007f       0x80 build/stm32g4xx_hal_pcd_ex.o
 .comment       0x000000000000007f       0x80 build/stm32g4xx_ll_usb.o
 .comment       0x000000000000007f       0x80 build/stm32g4xx_hal_dac.o
 .comment       0x000000000000007f       0x80 build/stm32g4xx_hal_spi.o
 .comment       0x000000000000007f       0x80 build/usbd_core.o
 .comment       0x000000000000007f       0x80 build/usbd_ctlreq.o
 .comment       0x000000000000007f       0x80 build/usbd_ioreq.o
 .comment       0x000000000000007f       0x80 build/usbd_cdc.o

.debug_frame    0x0000000000000000     0x4c2c
 .debug_frame   0x0000000000000000      0x1a0 build/main.o
 .debug_frame   0x00000000000001a0      0x12c build/stm32g4xx_it.o
 .debug_frame   0x00000000000002cc      0x12c build/stm32g4xx_hal_msp.o
 .debug_frame   0x00000000000003f8       0xe4 build/stm32g4xx_hal_gpio.o
 .debug_frame   0x00000000000004dc      0xdbc build/stm32g4xx_hal_tim.o
 .debug_frame   0x0000000000001298      0x768 build/stm32g4xx_hal_tim_ex.o
 .debug_frame   0x0000000000001a00      0x690 build/stm32g4xx_hal_uart.o
 .debug_frame   0x0000000000002090      0x188 build/stm32g4xx_hal_uart_ex.o
 .debug_frame   0x0000000000002218      0x28c build/stm32g4xx_hal.o
 .debug_frame   0x00000000000024a4      0x1d0 build/stm32g4xx_hal_rcc.o
 .debug_frame   0x0000000000002674      0x1c0 build/stm32g4xx_hal_rcc_ex.o
 .debug_frame   0x0000000000002834      0x1c4 build/stm32g4xx_hal_dma.o
 .debug_frame   0x00000000000029f8      0x26c build/stm32g4xx_hal_pwr_ex.o
 .debug_frame   0x0000000000002c64      0x16c build/stm32g4xx_hal_cortex.o
 .debug_frame   0x0000000000002dd0       0x30 build/system_stm32g4xx.o
 .debug_frame   0x0000000000002e00       0x2c build/usb_device.o
 .debug_frame   0x0000000000002e2c      0x384 build/usbd_conf.o
 .debug_frame   0x00000000000031b0       0xfc build/usbd_desc.o
 .debug_frame   0x00000000000032ac       0x84 build/usbd_cdc_if.o
 .debug_frame   0x0000000000003330      0x350 build/stm32g4xx_hal_pcd.o
 .debug_frame   0x0000000000003680       0xa0 build/stm32g4xx_hal_pcd_ex.o
 .debug_frame   0x0000000000003720      0x27c build/stm32g4xx_ll_usb.o
 .debug_frame   0x000000000000399c      0x244 build/stm32g4xx_hal_dac.o
 .debug_frame   0x0000000000003be0      0x668 build/stm32g4xx_hal_spi.o
 .debug_frame   0x0000000000004248      0x1f0 build/usbd_core.o
 .debug_frame   0x0000000000004438      0x1ac build/usbd_ctlreq.o
 .debug_frame   0x00000000000045e4       0xd4 build/usbd_ioreq.o
 .debug_frame   0x00000000000046b8      0x184 build/usbd_cdc.o
 .debug_frame   0x000000000000483c       0x2c /Users/grantham/packages/gcc-arm-none-eabi-7-2018-q2-update/bin/../lib/gcc/arm-none-eabi/7.3.1/../../../../arm-none-eabi/lib/thumb/v7e-m/fpv4-sp/hard/libc_nano.a(lib_a-init.o)
 .debug_frame   0x0000000000004868       0x20 /Users/grantham/packages/gcc-arm-none-eabi-7-2018-q2-update/bin/../lib/gcc/arm-none-eabi/7.3.1/../../../../arm-none-eabi/lib/thumb/v7e-m/fpv4-sp/hard/libc_nano.a(lib_a-memset.o)
 .debug_frame   0x0000000000004888       0x6c /Users/grantham/packages/gcc-arm-none-eabi-7-2018-q2-update/bin/../lib/gcc/arm-none-eabi/7.3.1/../../../../arm-none-eabi/lib/thumb/v7e-m/fpv4-sp/hard/libc_nano.a(lib_a-sprintf.o)
 .debug_frame   0x00000000000048f4       0x90 /Users/grantham/packages/gcc-arm-none-eabi-7-2018-q2-update/bin/../lib/gcc/arm-none-eabi/7.3.1/../../../../arm-none-eabi/lib/thumb/v7e-m/fpv4-sp/hard/libc_nano.a(lib_a-nano-svfprintf.o)
 .debug_frame   0x0000000000004984       0x60 /Users/grantham/packages/gcc-arm-none-eabi-7-2018-q2-update/bin/../lib/gcc/arm-none-eabi/7.3.1/../../../../arm-none-eabi/lib/thumb/v7e-m/fpv4-sp/hard/libc_nano.a(lib_a-nano-vfprintf_i.o)
 .debug_frame   0x00000000000049e4       0x28 /Users/grantham/packages/gcc-arm-none-eabi-7-2018-q2-update/bin/../lib/gcc/arm-none-eabi/7.3.1/../../../../arm-none-eabi/lib/thumb/v7e-m/fpv4-sp/hard/libc_nano.a(lib_a-memcpy-stub.o)
 .debug_frame   0x0000000000004a0c       0x28 /Users/grantham/packages/gcc-arm-none-eabi-7-2018-q2-update/bin/../lib/gcc/arm-none-eabi/7.3.1/../../../../arm-none-eabi/lib/thumb/v7e-m/fpv4-sp/hard/libc_nano.a(lib_a-memmove.o)
 .debug_frame   0x0000000000004a34       0x38 /Users/grantham/packages/gcc-arm-none-eabi-7-2018-q2-update/bin/../lib/gcc/arm-none-eabi/7.3.1/../../../../arm-none-eabi/lib/thumb/v7e-m/fpv4-sp/hard/libc_nano.a(lib_a-nano-freer.o)
 .debug_frame   0x0000000000004a6c       0x2c /Users/grantham/packages/gcc-arm-none-eabi-7-2018-q2-update/bin/../lib/gcc/arm-none-eabi/7.3.1/../../../../arm-none-eabi/lib/thumb/v7e-m/fpv4-sp/hard/libc_nano.a(lib_a-nano-mallocr.o)
 .debug_frame   0x0000000000004a98       0x3c /Users/grantham/packages/gcc-arm-none-eabi-7-2018-q2-update/bin/../lib/gcc/arm-none-eabi/7.3.1/../../../../arm-none-eabi/lib/thumb/v7e-m/fpv4-sp/hard/libc_nano.a(lib_a-nano-reallocr.o)
 .debug_frame   0x0000000000004ad4       0x2c /Users/grantham/packages/gcc-arm-none-eabi-7-2018-q2-update/bin/../lib/gcc/arm-none-eabi/7.3.1/../../../../arm-none-eabi/lib/thumb/v7e-m/fpv4-sp/hard/libc_nano.a(lib_a-sbrkr.o)
 .debug_frame   0x0000000000004b00       0x30 /Users/grantham/packages/gcc-arm-none-eabi-7-2018-q2-update/bin/../lib/gcc/arm-none-eabi/7.3.1/../../../../arm-none-eabi/lib/thumb/v7e-m/fpv4-sp/hard/libc_nano.a(lib_a-mlock.o)
 .debug_frame   0x0000000000004b30       0x20 /Users/grantham/packages/gcc-arm-none-eabi-7-2018-q2-update/bin/../lib/gcc/arm-none-eabi/7.3.1/../../../../arm-none-eabi/lib/thumb/v7e-m/fpv4-sp/hard/libc_nano.a(lib_a-nano-msizer.o)
 .debug_frame   0x0000000000004b50       0x5c /Users/grantham/packages/gcc-arm-none-eabi-7-2018-q2-update/bin/../lib/gcc/arm-none-eabi/7.3.1/../../../../arm-none-eabi/lib/thumb/v7e-m/fpv4-sp/hard/libc_nano.a(lib_a-reent.o)
 .debug_frame   0x0000000000004bac       0x20 /Users/grantham/packages/gcc-arm-none-eabi-7-2018-q2-update/bin/../lib/gcc/arm-none-eabi/7.3.1/../../../../arm-none-eabi/lib/thumb/v7e-m/fpv4-sp/hard/libnosys.a(sbrk.o)
 .debug_frame   0x0000000000004bcc       0x2c /Users/grantham/packages/gcc-arm-none-eabi-7-2018-q2-update/bin/../lib/gcc/arm-none-eabi/7.3.1/thumb/v7e-m/fpv4-sp/hard/libgcc.a(_aeabi_uldivmod.o)
 .debug_frame   0x0000000000004bf8       0x34 /Users/grantham/packages/gcc-arm-none-eabi-7-2018-q2-update/bin/../lib/gcc/arm-none-eabi/7.3.1/thumb/v7e-m/fpv4-sp/hard/libgcc.a(_udivmoddi4.o)

Cross Reference Table

Symbol                                            File
ADC1_2_IRQHandler                                 build/startup_stm32g431xx.o
AHBPrescTable                                     build/system_stm32g4xx.o
                                                  build/stm32g4xx_hal_rcc.o
APBPrescTable                                     build/system_stm32g4xx.o
                                                  build/stm32g4xx_hal_rcc.o
BUTTON1_IRQ_Callback                              build/main.o
                                                  build/stm32g4xx_it.o
BUTTON2_IRQ_Callback                              build/main.o
                                                  build/stm32g4xx_it.o
BusFault_Handler                                  build/stm32g4xx_it.o
CDC_Desc                                          build/usbd_desc.o
                                                  build/usb_device.o
CDC_Transmit_FS                                   build/usbd_cdc_if.o
COMP1_2_3_IRQHandler                              build/startup_stm32g431xx.o
COMP4_IRQHandler                                  build/startup_stm32g431xx.o
CORDIC_IRQHandler                                 build/startup_stm32g431xx.o
CRS_IRQHandler                                    build/startup_stm32g431xx.o
DAC_DMAConvCpltCh1                                build/stm32g4xx_hal_dac.o
                                                  build/stm32g4xx_hal_dac_ex.o
DAC_DMAConvCpltCh2                                build/stm32g4xx_hal_dac_ex.o
                                                  build/stm32g4xx_hal_dac.o
DAC_DMAErrorCh1                                   build/stm32g4xx_hal_dac.o
                                                  build/stm32g4xx_hal_dac_ex.o
DAC_DMAErrorCh2                                   build/stm32g4xx_hal_dac_ex.o
                                                  build/stm32g4xx_hal_dac.o
DAC_DMAHalfConvCpltCh1                            build/stm32g4xx_hal_dac.o
                                                  build/stm32g4xx_hal_dac_ex.o
DAC_DMAHalfConvCpltCh2                            build/stm32g4xx_hal_dac_ex.o
                                                  build/stm32g4xx_hal_dac.o
DMA1_Channel1_IRQHandler                          build/stm32g4xx_it.o
DMA1_Channel2_IRQHandler                          build/startup_stm32g431xx.o
DMA1_Channel3_IRQHandler                          build/startup_stm32g431xx.o
DMA1_Channel4_IRQHandler                          build/startup_stm32g431xx.o
DMA1_Channel5_IRQHandler                          build/startup_stm32g431xx.o
DMA1_Channel6_IRQHandler                          build/startup_stm32g431xx.o